2026-05-12T15:26:15.749+0300 [DEBUG] [org.gradle.launcher.daemon.bootstrap.DaemonMain] Assuming the daemon was started with following jvm opts: [-XX:MaxMetaspaceSize=384m, -XX:+HeapDumpOnOutOfMemoryError, -Xms256m, -Xmx512m, -Dfile.encoding=UTF-8, -Duser.country=RU, -Duser.language=ru, -Duser.variant]
2026-05-12T15:26:15.957+0300 [DEBUG] [org.gradle.internal.remote.internal.inet.InetAddresses] Adding IP addresses for network interface TAP-Windows Adapter V9-WFP Native MAC Layer LightWeight Filter-0000
2026-05-12T15:26:15.958+0300 [DEBUG] [org.gradle.internal.remote.internal.inet.InetAddresses] Is this a loopback interface? false
2026-05-12T15:26:15.959+0300 [DEBUG] [org.gradle.internal.remote.internal.inet.InetAddresses] Adding IP addresses for network interface TAP-Windows Adapter V9-Intel(R) Technology Access Filter Driver-0000
2026-05-12T15:26:15.960+0300 [DEBUG] [org.gradle.internal.remote.internal.inet.InetAddresses] Is this a loopback interface? false
2026-05-12T15:26:15.960+0300 [DEBUG] [org.gradle.internal.remote.internal.inet.InetAddresses] Adding IP addresses for network interface TAP-Windows Adapter V9-VirtualBox NDIS Light-Weight Filter-0000
2026-05-12T15:26:15.961+0300 [DEBUG] [org.gradle.internal.remote.internal.inet.InetAddresses] Is this a loopback interface? false
2026-05-12T15:26:15.961+0300 [DEBUG] [org.gradle.internal.remote.internal.inet.InetAddresses] Adding IP addresses for network interface TAP-Windows Adapter V9-QoS Packet Scheduler-0000
2026-05-12T15:26:15.962+0300 [DEBUG] [org.gradle.internal.remote.internal.inet.InetAddresses] Is this a loopback interface? false
2026-05-12T15:26:15.962+0300 [DEBUG] [org.gradle.internal.remote.internal.inet.InetAddresses] Adding IP addresses for network interface TAP-Windows Adapter V9-WFP 802.3 MAC Layer LightWeight Filter-0000
2026-05-12T15:26:15.963+0300 [DEBUG] [org.gradle.internal.remote.internal.inet.InetAddresses] Is this a loopback interface? false
2026-05-12T15:26:15.963+0300 [DEBUG] [org.gradle.internal.remote.internal.inet.InetAddresses] Adding IP addresses for network interface VirtualBox Host-Only Ethernet Adapter #2-WFP Native MAC Layer LightWeight Filter-0000
2026-05-12T15:26:15.963+0300 [DEBUG] [org.gradle.internal.remote.internal.inet.InetAddresses] Is this a loopback interface? false
2026-05-12T15:26:15.964+0300 [DEBUG] [org.gradle.internal.remote.internal.inet.InetAddresses] Adding IP addresses for network interface VirtualBox Host-Only Ethernet Adapter #2-Intel(R) Technology Access Filter Driver-0000
2026-05-12T15:26:15.964+0300 [DEBUG] [org.gradle.internal.remote.internal.inet.InetAddresses] Is this a loopback interface? false
2026-05-12T15:26:15.964+0300 [DEBUG] [org.gradle.internal.remote.internal.inet.InetAddresses] Adding IP addresses for network interface VirtualBox Host-Only Ethernet Adapter #2-QoS Packet Scheduler-0000
2026-05-12T15:26:15.965+0300 [DEBUG] [org.gradle.internal.remote.internal.inet.InetAddresses] Is this a loopback interface? false
2026-05-12T15:26:15.965+0300 [DEBUG] [org.gradle.internal.remote.internal.inet.InetAddresses] Adding IP addresses for network interface VirtualBox Host-Only Ethernet Adapter #2-WFP 802.3 MAC Layer LightWeight Filter-0000
2026-05-12T15:26:15.966+0300 [DEBUG] [org.gradle.internal.remote.internal.inet.InetAddresses] Is this a loopback interface? false
2026-05-12T15:26:15.966+0300 [DEBUG] [org.gradle.internal.remote.internal.inet.InetAddresses] Adding IP addresses for network interface WAN Miniport (IP)-WFP Native MAC Layer LightWeight Filter-0000
2026-05-12T15:26:15.967+0300 [DEBUG] [org.gradle.internal.remote.internal.inet.InetAddresses] Is this a loopback interface? false
2026-05-12T15:26:15.967+0300 [DEBUG] [org.gradle.internal.remote.internal.inet.InetAddresses] Adding IP addresses for network interface Hyper-V Virtual Switch Extension Adapter-Hyper-V Virtual Switch Extension Filter-0000
2026-05-12T15:26:15.967+0300 [DEBUG] [org.gradle.internal.remote.internal.inet.InetAddresses] Is this a loopback interface? false
2026-05-12T15:26:15.968+0300 [DEBUG] [org.gradle.internal.remote.internal.inet.InetAddresses] Adding IP addresses for network interface Hyper-V Virtual Ethernet Adapter-WFP Native MAC Layer LightWeight Filter-0000
2026-05-12T15:26:15.968+0300 [DEBUG] [org.gradle.internal.remote.internal.inet.InetAddresses] Is this a loopback interface? false
2026-05-12T15:26:15.968+0300 [DEBUG] [org.gradle.internal.remote.internal.inet.InetAddresses] Adding IP addresses for network interface Hyper-V Virtual Ethernet Adapter-Intel(R) Technology Access Filter Driver-0000
2026-05-12T15:26:15.969+0300 [DEBUG] [org.gradle.internal.remote.internal.inet.InetAddresses] Is this a loopback interface? false
2026-05-12T15:26:15.969+0300 [DEBUG] [org.gradle.internal.remote.internal.inet.InetAddresses] Adding IP addresses for network interface Hyper-V Virtual Ethernet Adapter-VirtualBox NDIS Light-Weight Filter-0000
2026-05-12T15:26:15.969+0300 [DEBUG] [org.gradle.internal.remote.internal.inet.InetAddresses] Is this a loopback interface? false
2026-05-12T15:26:15.969+0300 [DEBUG] [org.gradle.internal.remote.internal.inet.InetAddresses] Adding IP addresses for network interface Hyper-V Virtual Ethernet Adapter-QoS Packet Scheduler-0000
2026-05-12T15:26:15.970+0300 [DEBUG] [org.gradle.internal.remote.internal.inet.InetAddresses] Is this a loopback interface? false
2026-05-12T15:26:15.970+0300 [DEBUG] [org.gradle.internal.remote.internal.inet.InetAddresses] Adding IP addresses for network interface WAN Miniport (IP)-Intel(R) Technology Access Filter Driver-0000
2026-05-12T15:26:15.970+0300 [DEBUG] [org.gradle.internal.remote.internal.inet.InetAddresses] Is this a loopback interface? false
2026-05-12T15:26:15.970+0300 [DEBUG] [org.gradle.internal.remote.internal.inet.InetAddresses] Adding IP addresses for network interface WAN Miniport (IP)-QoS Packet Scheduler-0000
2026-05-12T15:26:15.971+0300 [DEBUG] [org.gradle.internal.remote.internal.inet.InetAddresses] Is this a loopback interface? false
2026-05-12T15:26:15.971+0300 [DEBUG] [org.gradle.internal.remote.internal.inet.InetAddresses] Adding IP addresses for network interface WAN Miniport (IPv6)-WFP Native MAC Layer LightWeight Filter-0000
2026-05-12T15:26:15.972+0300 [DEBUG] [org.gradle.internal.remote.internal.inet.InetAddresses] Is this a loopback interface? false
2026-05-12T15:26:15.972+0300 [DEBUG] [org.gradle.internal.remote.internal.inet.InetAddresses] Adding IP addresses for network interface WAN Miniport (IPv6)-Intel(R) Technology Access Filter Driver-0000
2026-05-12T15:26:15.972+0300 [DEBUG] [org.gradle.internal.remote.internal.inet.InetAddresses] Is this a loopback interface? false
2026-05-12T15:26:15.973+0300 [DEBUG] [org.gradle.internal.remote.internal.inet.InetAddresses] Adding IP addresses for network interface WAN Miniport (IPv6)-QoS Packet Scheduler-0000
2026-05-12T15:26:15.973+0300 [DEBUG] [org.gradle.internal.remote.internal.inet.InetAddresses] Is this a loopback interface? false
2026-05-12T15:26:15.973+0300 [DEBUG] [org.gradle.internal.remote.internal.inet.InetAddresses] Adding IP addresses for network interface WAN Miniport (Network Monitor)-WFP Native MAC Layer LightWeight Filter-0000
2026-05-12T15:26:15.974+0300 [DEBUG] [org.gradle.internal.remote.internal.inet.InetAddresses] Is this a loopback interface? false
2026-05-12T15:26:15.974+0300 [DEBUG] [org.gradle.internal.remote.internal.inet.InetAddresses] Adding IP addresses for network interface WAN Miniport (Network Monitor)-Intel(R) Technology Access Filter Driver-0000
2026-05-12T15:26:15.975+0300 [DEBUG] [org.gradle.internal.remote.internal.inet.InetAddresses] Is this a loopback interface? false
2026-05-12T15:26:15.975+0300 [DEBUG] [org.gradle.internal.remote.internal.inet.InetAddresses] Adding IP addresses for network interface WAN Miniport (Network Monitor)-QoS Packet Scheduler-0000
2026-05-12T15:26:15.975+0300 [DEBUG] [org.gradle.internal.remote.internal.inet.InetAddresses] Is this a loopback interface? false
2026-05-12T15:26:15.975+0300 [DEBUG] [org.gradle.internal.remote.internal.inet.InetAddresses] Adding IP addresses for network interface Hyper-V Virtual Ethernet Adapter-WFP 802.3 MAC Layer LightWeight Filter-0000
2026-05-12T15:26:15.976+0300 [DEBUG] [org.gradle.internal.remote.internal.inet.InetAddresses] Is this a loopback interface? false
2026-05-12T15:26:15.976+0300 [DEBUG] [org.gradle.internal.remote.internal.inet.InetAddresses] Adding IP addresses for network interface Microsoft Kernel Debug Network Adapter
2026-05-12T15:26:15.976+0300 [DEBUG] [org.gradle.internal.remote.internal.inet.InetAddresses] Is this a loopback interface? false
2026-05-12T15:26:15.979+0300 [DEBUG] [org.gradle.internal.remote.internal.inet.InetAddresses] Adding IP addresses for network interface ASIX AX88772B USB2.0 to Fast Ethernet Adapter
2026-05-12T15:26:15.979+0300 [DEBUG] [org.gradle.internal.remote.internal.inet.InetAddresses] Is this a loopback interface? false
2026-05-12T15:26:15.979+0300 [DEBUG] [org.gradle.internal.remote.internal.inet.InetAddresses] Adding IP addresses for network interface WAN Miniport (IP)
2026-05-12T15:26:15.980+0300 [DEBUG] [org.gradle.internal.remote.internal.inet.InetAddresses] Is this a loopback interface? false
2026-05-12T15:26:15.980+0300 [DEBUG] [org.gradle.internal.remote.internal.inet.InetAddresses] Adding IP addresses for network interface WAN Miniport (IPv6)
2026-05-12T15:26:15.980+0300 [DEBUG] [org.gradle.internal.remote.internal.inet.InetAddresses] Is this a loopback interface? false
2026-05-12T15:26:15.981+0300 [DEBUG] [org.gradle.internal.remote.internal.inet.InetAddresses] Adding IP addresses for network interface WAN Miniport (Network Monitor)
2026-05-12T15:26:15.981+0300 [DEBUG] [org.gradle.internal.remote.internal.inet.InetAddresses] Is this a loopback interface? false
2026-05-12T15:26:15.981+0300 [DEBUG] [org.gradle.internal.remote.internal.inet.InetAddresses] Adding IP addresses for network interface VirtualBox Host-Only Ethernet Adapter #2
2026-05-12T15:26:15.982+0300 [DEBUG] [org.gradle.internal.remote.internal.inet.InetAddresses] Is this a loopback interface? false
2026-05-12T15:26:15.982+0300 [DEBUG] [org.gradle.internal.remote.internal.inet.InetAddresses] Adding remote address /fe80:0:0:0:e234:f6fd:b356:4a3c%ethernet_32773
2026-05-12T15:26:15.982+0300 [DEBUG] [org.gradle.internal.remote.internal.inet.InetAddresses] Adding remote address /192.168.56.1
2026-05-12T15:26:15.983+0300 [DEBUG] [org.gradle.internal.remote.internal.inet.InetAddresses] Adding IP addresses for network interface VirtualBox Host-Only Ethernet Adapter
2026-05-12T15:26:15.984+0300 [DEBUG] [org.gradle.internal.remote.internal.inet.InetAddresses] Is this a loopback interface? false
2026-05-12T15:26:15.985+0300 [DEBUG] [org.gradle.internal.remote.internal.inet.InetAddresses] Adding IP addresses for network interface TAP-Windows Adapter V9
2026-05-12T15:26:15.985+0300 [DEBUG] [org.gradle.internal.remote.internal.inet.InetAddresses] Is this a loopback interface? false
2026-05-12T15:26:15.985+0300 [DEBUG] [org.gradle.internal.remote.internal.inet.InetAddresses] Adding remote address /fe80:0:0:0:786b:e61c:c19c:b7ea%ethernet_32775
2026-05-12T15:26:15.986+0300 [DEBUG] [org.gradle.internal.remote.internal.inet.InetAddresses] Adding IP addresses for network interface VMware Virtual Ethernet Adapter for VMnet1
2026-05-12T15:26:15.986+0300 [DEBUG] [org.gradle.internal.remote.internal.inet.InetAddresses] Is this a loopback interface? false
2026-05-12T15:26:15.986+0300 [DEBUG] [org.gradle.internal.remote.internal.inet.InetAddresses] Adding remote address /fe80:0:0:0:6100:3a27:d5e3:8ccb%ethernet_32776
2026-05-12T15:26:15.987+0300 [DEBUG] [org.gradle.internal.remote.internal.inet.InetAddresses] Adding remote address /192.168.95.1
2026-05-12T15:26:15.987+0300 [DEBUG] [org.gradle.internal.remote.internal.inet.InetAddresses] Adding IP addresses for network interface VMware Virtual Ethernet Adapter for VMnet8
2026-05-12T15:26:15.987+0300 [DEBUG] [org.gradle.internal.remote.internal.inet.InetAddresses] Is this a loopback interface? false
2026-05-12T15:26:15.987+0300 [DEBUG] [org.gradle.internal.remote.internal.inet.InetAddresses] Adding remote address /fe80:0:0:0:62bd:3137:7206:c3ed%ethernet_32777
2026-05-12T15:26:15.988+0300 [DEBUG] [org.gradle.internal.remote.internal.inet.InetAddresses] Adding remote address /192.168.197.1
2026-05-12T15:26:15.988+0300 [DEBUG] [org.gradle.internal.remote.internal.inet.InetAddresses] Adding IP addresses for network interface Hyper-V Virtual Switch Extension Adapter
2026-05-12T15:26:15.988+0300 [DEBUG] [org.gradle.internal.remote.internal.inet.InetAddresses] Is this a loopback interface? false
2026-05-12T15:26:15.988+0300 [DEBUG] [org.gradle.internal.remote.internal.inet.InetAddresses] Adding IP addresses for network interface Hyper-V Virtual Ethernet Adapter
2026-05-12T15:26:15.989+0300 [DEBUG] [org.gradle.internal.remote.internal.inet.InetAddresses] Is this a loopback interface? false
2026-05-12T15:26:15.989+0300 [DEBUG] [org.gradle.internal.remote.internal.inet.InetAddresses] Adding remote address /fe80:0:0:0:a767:7ce3:b70d:45bc%ethernet_32779
2026-05-12T15:26:15.989+0300 [DEBUG] [org.gradle.internal.remote.internal.inet.InetAddresses] Adding remote address /172.21.64.1
2026-05-12T15:26:15.989+0300 [DEBUG] [org.gradle.internal.remote.internal.inet.InetAddresses] Adding IP addresses for network interface WAN Miniport (PPPOE)
2026-05-12T15:26:15.990+0300 [DEBUG] [org.gradle.internal.remote.internal.inet.InetAddresses] Is this a loopback interface? false
2026-05-12T15:26:15.990+0300 [DEBUG] [org.gradle.internal.remote.internal.inet.InetAddresses] Adding IP addresses for network interface Software Loopback Interface 1
2026-05-12T15:26:15.990+0300 [DEBUG] [org.gradle.internal.remote.internal.inet.InetAddresses] Is this a loopback interface? true
2026-05-12T15:26:15.990+0300 [DEBUG] [org.gradle.internal.remote.internal.inet.InetAddresses] Adding loopback address /0:0:0:0:0:0:0:1
2026-05-12T15:26:15.991+0300 [DEBUG] [org.gradle.internal.remote.internal.inet.InetAddresses] Adding loopback address /127.0.0.1
2026-05-12T15:26:15.991+0300 [DEBUG] [org.gradle.internal.remote.internal.inet.InetAddresses] Adding IP addresses for network interface Meta Tunnel
2026-05-12T15:26:15.992+0300 [DEBUG] [org.gradle.internal.remote.internal.inet.InetAddresses] Is this a loopback interface? false
2026-05-12T15:26:15.992+0300 [DEBUG] [org.gradle.internal.remote.internal.inet.InetAddresses] Adding remote address /fe80:0:0:0:ccea:6fb9:276a:470a%iftype53_32768
2026-05-12T15:26:15.992+0300 [DEBUG] [org.gradle.internal.remote.internal.inet.InetAddresses] Adding remote address /198.18.0.1
2026-05-12T15:26:15.992+0300 [DEBUG] [org.gradle.internal.remote.internal.inet.InetAddresses] Adding IP addresses for network interface Intel(R) Dual Band Wireless-AC 8265-WFP Native MAC Layer LightWeight Filter-0000
2026-05-12T15:26:15.993+0300 [DEBUG] [org.gradle.internal.remote.internal.inet.InetAddresses] Is this a loopback interface? false
2026-05-12T15:26:15.993+0300 [DEBUG] [org.gradle.internal.remote.internal.inet.InetAddresses] Adding IP addresses for network interface Intel(R) Dual Band Wireless-AC 8265-Virtual WiFi Filter Driver-0000
2026-05-12T15:26:15.993+0300 [DEBUG] [org.gradle.internal.remote.internal.inet.InetAddresses] Is this a loopback interface? false
2026-05-12T15:26:15.994+0300 [DEBUG] [org.gradle.internal.remote.internal.inet.InetAddresses] Adding IP addresses for network interface Intel(R) Dual Band Wireless-AC 8265-Native WiFi Filter Driver-0000
2026-05-12T15:26:15.994+0300 [DEBUG] [org.gradle.internal.remote.internal.inet.InetAddresses] Is this a loopback interface? false
2026-05-12T15:26:15.995+0300 [DEBUG] [org.gradle.internal.remote.internal.inet.InetAddresses] Adding IP addresses for network interface Intel(R) Dual Band Wireless-AC 8265-Intel(R) Technology Access Filter Driver-0000
2026-05-12T15:26:15.995+0300 [DEBUG] [org.gradle.internal.remote.internal.inet.InetAddresses] Is this a loopback interface? false
2026-05-12T15:26:15.995+0300 [DEBUG] [org.gradle.internal.remote.internal.inet.InetAddresses] Adding IP addresses for network interface Intel(R) Dual Band Wireless-AC 8265-VirtualBox NDIS Light-Weight Filter-0000
2026-05-12T15:26:15.995+0300 [DEBUG] [org.gradle.internal.remote.internal.inet.InetAddresses] Is this a loopback interface? false
2026-05-12T15:26:15.996+0300 [DEBUG] [org.gradle.internal.remote.internal.inet.InetAddresses] Adding IP addresses for network interface Intel(R) Dual Band Wireless-AC 8265-QoS Packet Scheduler-0000
2026-05-12T15:26:15.996+0300 [DEBUG] [org.gradle.internal.remote.internal.inet.InetAddresses] Is this a loopback interface? false
2026-05-12T15:26:15.996+0300 [DEBUG] [org.gradle.internal.remote.internal.inet.InetAddresses] Adding IP addresses for network interface Intel(R) Dual Band Wireless-AC 8265-WFP 802.3 MAC Layer LightWeight Filter-0000
2026-05-12T15:26:15.997+0300 [DEBUG] [org.gradle.internal.remote.internal.inet.InetAddresses] Is this a loopback interface? false
2026-05-12T15:26:15.997+0300 [DEBUG] [org.gradle.internal.remote.internal.inet.InetAddresses] Adding IP addresses for network interface Microsoft Wi-Fi Direct Virtual Adapter-WFP Native MAC Layer LightWeight Filter-0000
2026-05-12T15:26:15.997+0300 [DEBUG] [org.gradle.internal.remote.internal.inet.InetAddresses] Is this a loopback interface? false
2026-05-12T15:26:15.997+0300 [DEBUG] [org.gradle.internal.remote.internal.inet.InetAddresses] Adding IP addresses for network interface Microsoft Wi-Fi Direct Virtual Adapter-Native WiFi Filter Driver-0000
2026-05-12T15:26:15.998+0300 [DEBUG] [org.gradle.internal.remote.internal.inet.InetAddresses] Is this a loopback interface? false
2026-05-12T15:26:15.998+0300 [DEBUG] [org.gradle.internal.remote.internal.inet.InetAddresses] Adding IP addresses for network interface Microsoft Wi-Fi Direct Virtual Adapter-Intel(R) Technology Access Filter Driver-0000
2026-05-12T15:26:15.998+0300 [DEBUG] [org.gradle.internal.remote.internal.inet.InetAddresses] Is this a loopback interface? false
2026-05-12T15:26:15.999+0300 [DEBUG] [org.gradle.internal.remote.internal.inet.InetAddresses] Adding IP addresses for network interface Microsoft Wi-Fi Direct Virtual Adapter-VirtualBox NDIS Light-Weight Filter-0000
2026-05-12T15:26:15.999+0300 [DEBUG] [org.gradle.internal.remote.internal.inet.InetAddresses] Is this a loopback interface? false
2026-05-12T15:26:15.999+0300 [DEBUG] [org.gradle.internal.remote.internal.inet.InetAddresses] Adding IP addresses for network interface Microsoft Wi-Fi Direct Virtual Adapter-QoS Packet Scheduler-0000
2026-05-12T15:26:16.000+0300 [DEBUG] [org.gradle.internal.remote.internal.inet.InetAddresses] Is this a loopback interface? false
2026-05-12T15:26:16.000+0300 [DEBUG] [org.gradle.internal.remote.internal.inet.InetAddresses] Adding IP addresses for network interface Microsoft Wi-Fi Direct Virtual Adapter-WFP 802.3 MAC Layer LightWeight Filter-0000
2026-05-12T15:26:16.000+0300 [DEBUG] [org.gradle.internal.remote.internal.inet.InetAddresses] Is this a loopback interface? false
2026-05-12T15:26:16.000+0300 [DEBUG] [org.gradle.internal.remote.internal.inet.InetAddresses] Adding IP addresses for network interface Microsoft Wi-Fi Direct Virtual Adapter #2-WFP Native MAC Layer LightWeight Filter-0000
2026-05-12T15:26:16.000+0300 [DEBUG] [org.gradle.internal.remote.internal.inet.InetAddresses] Is this a loopback interface? false
2026-05-12T15:26:16.001+0300 [DEBUG] [org.gradle.internal.remote.internal.inet.InetAddresses] Adding IP addresses for network interface Microsoft Wi-Fi Direct Virtual Adapter #2-Native WiFi Filter Driver-0000
2026-05-12T15:26:16.001+0300 [DEBUG] [org.gradle.internal.remote.internal.inet.InetAddresses] Is this a loopback interface? false
2026-05-12T15:26:16.001+0300 [DEBUG] [org.gradle.internal.remote.internal.inet.InetAddresses] Adding IP addresses for network interface Microsoft Wi-Fi Direct Virtual Adapter #2-Intel(R) Technology Access Filter Driver-0000
2026-05-12T15:26:16.001+0300 [DEBUG] [org.gradle.internal.remote.internal.inet.InetAddresses] Is this a loopback interface? false
2026-05-12T15:26:16.001+0300 [DEBUG] [org.gradle.internal.remote.internal.inet.InetAddresses] Adding IP addresses for network interface Microsoft Wi-Fi Direct Virtual Adapter #2-VirtualBox NDIS Light-Weight Filter-0000
2026-05-12T15:26:16.002+0300 [DEBUG] [org.gradle.internal.remote.internal.inet.InetAddresses] Is this a loopback interface? false
2026-05-12T15:26:16.002+0300 [DEBUG] [org.gradle.internal.remote.internal.inet.InetAddresses] Adding IP addresses for network interface Microsoft Wi-Fi Direct Virtual Adapter #2-QoS Packet Scheduler-0000
2026-05-12T15:26:16.002+0300 [DEBUG] [org.gradle.internal.remote.internal.inet.InetAddresses] Is this a loopback interface? false
2026-05-12T15:26:16.003+0300 [DEBUG] [org.gradle.internal.remote.internal.inet.InetAddresses] Adding IP addresses for network interface Microsoft Wi-Fi Direct Virtual Adapter #2-WFP 802.3 MAC Layer LightWeight Filter-0000
2026-05-12T15:26:16.003+0300 [DEBUG] [org.gradle.internal.remote.internal.inet.InetAddresses] Is this a loopback interface? false
2026-05-12T15:26:16.003+0300 [DEBUG] [org.gradle.internal.remote.internal.inet.InetAddresses] Adding IP addresses for network interface Intel(R) Dual Band Wireless-AC 8265
2026-05-12T15:26:16.003+0300 [DEBUG] [org.gradle.internal.remote.internal.inet.InetAddresses] Is this a loopback interface? false
2026-05-12T15:26:16.004+0300 [DEBUG] [org.gradle.internal.remote.internal.inet.InetAddresses] Adding remote address /fe80:0:0:0:5608:48e4:5bd7:df98%wireless_32768
2026-05-12T15:26:16.004+0300 [DEBUG] [org.gradle.internal.remote.internal.inet.InetAddresses] Adding remote address /192.168.0.17
2026-05-12T15:26:16.004+0300 [DEBUG] [org.gradle.internal.remote.internal.inet.InetAddresses] Adding IP addresses for network interface Microsoft Wi-Fi Direct Virtual Adapter
2026-05-12T15:26:16.004+0300 [DEBUG] [org.gradle.internal.remote.internal.inet.InetAddresses] Is this a loopback interface? false
2026-05-12T15:26:16.004+0300 [DEBUG] [org.gradle.internal.remote.internal.inet.InetAddresses] Adding remote address /fe80:0:0:0:a370:aa8f:3bd3:e542%wireless_32769
2026-05-12T15:26:16.004+0300 [DEBUG] [org.gradle.internal.remote.internal.inet.InetAddresses] Adding IP addresses for network interface Microsoft Wi-Fi Direct Virtual Adapter #2
2026-05-12T15:26:16.005+0300 [DEBUG] [org.gradle.internal.remote.internal.inet.InetAddresses] Is this a loopback interface? false
2026-05-12T15:26:16.005+0300 [DEBUG] [org.gradle.internal.remote.internal.inet.InetAddresses] Adding remote address /fe80:0:0:0:254a:9c86:88d9:e607%wireless_32770
2026-05-12T15:26:16.005+0300 [DEBUG] [org.gradle.internal.remote.internal.inet.InetAddresses] Adding IP addresses for network interface Microsoft Teredo Tunneling Adapter
2026-05-12T15:26:16.005+0300 [DEBUG] [org.gradle.internal.remote.internal.inet.InetAddresses] Is this a loopback interface? false
2026-05-12T15:26:16.005+0300 [DEBUG] [org.gradle.internal.remote.internal.inet.InetAddresses] Adding IP addresses for network interface Microsoft IP-HTTPS Platform Adapter
2026-05-12T15:26:16.006+0300 [DEBUG] [org.gradle.internal.remote.internal.inet.InetAddresses] Is this a loopback interface? false
2026-05-12T15:26:16.006+0300 [DEBUG] [org.gradle.internal.remote.internal.inet.InetAddresses] Adding IP addresses for network interface Microsoft 6to4 Adapter
2026-05-12T15:26:16.006+0300 [DEBUG] [org.gradle.internal.remote.internal.inet.InetAddresses] Is this a loopback interface? false
2026-05-12T15:26:16.006+0300 [DEBUG] [org.gradle.internal.remote.internal.inet.InetAddresses] Adding IP addresses for network interface WAN Miniport (SSTP)
2026-05-12T15:26:16.007+0300 [DEBUG] [org.gradle.internal.remote.internal.inet.InetAddresses] Is this a loopback interface? false
2026-05-12T15:26:16.007+0300 [DEBUG] [org.gradle.internal.remote.internal.inet.InetAddresses] Adding IP addresses for network interface WAN Miniport (IKEv2)
2026-05-12T15:26:16.007+0300 [DEBUG] [org.gradle.internal.remote.internal.inet.InetAddresses] Is this a loopback interface? false
2026-05-12T15:26:16.007+0300 [DEBUG] [org.gradle.internal.remote.internal.inet.InetAddresses] Adding IP addresses for network interface WAN Miniport (L2TP)
2026-05-12T15:26:16.007+0300 [DEBUG] [org.gradle.internal.remote.internal.inet.InetAddresses] Is this a loopback interface? false
2026-05-12T15:26:16.008+0300 [DEBUG] [org.gradle.internal.remote.internal.inet.InetAddresses] Adding IP addresses for network interface WAN Miniport (PPTP)
2026-05-12T15:26:16.008+0300 [DEBUG] [org.gradle.internal.remote.internal.inet.InetAddresses] Is this a loopback interface? false
2026-05-12T15:26:16.040+0300 [DEBUG] [org.gradle.internal.nativeintegration.services.NativeServices] Native-platform posix files integration is not available. Continuing with fallback.
2026-05-12T15:26:16.092+0300 [INFO] [org.gradle.launcher.daemon.server.Daemon] start() called on daemon - DefaultDaemonContext[uid=8afe7a4a-1d99-4031-8026-b410c6322fa4,javaHome=C:\Program Files\Java\jdk-24.0.2,javaVersion=24,javaVendor=Oracle Corporation,daemonRegistryDir=C:\Users\abdullah\Desktop\Test_Sanner\.gradle-local\daemon,pid=12052,idleTimeout=10800000,priority=NORMAL,applyInstrumentationAgent=true,nativeServicesMode=ENABLED,daemonOpts=-XX:MaxMetaspaceSize=384m,-XX:+HeapDumpOnOutOfMemoryError,-Xms256m,-Xmx512m,-Dfile.encoding=UTF-8,-Duser.country=RU,-Duser.language=ru,-Duser.variant]
2026-05-12T15:26:24.163+0300 [DEBUG] [org.gradle.internal.remote.internal.inet.TcpIncomingConnector] Listening on [59fa195b-1605-4789-8086-c10d50ba3b73 port:63428, addresses:[localhost/127.0.0.1]].
2026-05-12T15:26:24.172+0300 [DEBUG] [org.gradle.launcher.daemon.server.Daemon] Daemon starting at: Tue May 12 15:26:24 MSK 2026, with address: [59fa195b-1605-4789-8086-c10d50ba3b73 port:63428, addresses:[localhost/127.0.0.1]]
2026-05-12T15:26:24.172+0300 [INFO] [org.gradle.launcher.daemon.server.DaemonRegistryUpdater] Advertising the daemon address to the clients: [59fa195b-1605-4789-8086-c10d50ba3b73 port:63428, addresses:[localhost/127.0.0.1]]
2026-05-12T15:26:24.172+0300 [DEBUG] [org.gradle.launcher.daemon.server.DaemonRegistryUpdater] Advertised daemon context: DefaultDaemonContext[uid=8afe7a4a-1d99-4031-8026-b410c6322fa4,javaHome=C:\Program Files\Java\jdk-24.0.2,javaVersion=24,javaVendor=Oracle Corporation,daemonRegistryDir=C:\Users\abdullah\Desktop\Test_Sanner\.gradle-local\daemon,pid=12052,idleTimeout=10800000,priority=NORMAL,applyInstrumentationAgent=true,nativeServicesMode=ENABLED,daemonOpts=-XX:MaxMetaspaceSize=384m,-XX:+HeapDumpOnOutOfMemoryError,-Xms256m,-Xmx512m,-Dfile.encoding=UTF-8,-Duser.country=RU,-Duser.language=ru,-Duser.variant]
2026-05-12T15:26:24.173+0300 [DEBUG] [org.gradle.launcher.daemon.registry.PersistentDaemonRegistry] Storing daemon address: [59fa195b-1605-4789-8086-c10d50ba3b73 port:63428, addresses:[localhost/127.0.0.1]], context: DefaultDaemonContext[uid=8afe7a4a-1d99-4031-8026-b410c6322fa4,javaHome=C:\Program Files\Java\jdk-24.0.2,javaVersion=24,javaVendor=Oracle Corporation,daemonRegistryDir=C:\Users\abdullah\Desktop\Test_Sanner\.gradle-local\daemon,pid=12052,idleTimeout=10800000,priority=NORMAL,applyInstrumentationAgent=true,nativeServicesMode=ENABLED,daemonOpts=-XX:MaxMetaspaceSize=384m,-XX:+HeapDumpOnOutOfMemoryError,-Xms256m,-Xmx512m,-Dfile.encoding=UTF-8,-Duser.country=RU,-Duser.language=ru,-Duser.variant]
2026-05-12T15:26:24.188+0300 [DEBUG] [org.gradle.cache.internal.DefaultFileLockManager] Waiting to acquire exclusive lock on daemon addresses registry.
2026-05-12T15:26:24.192+0300 [DEBUG] [org.gradle.cache.internal.DefaultFileLockManager] Lock acquired on daemon addresses registry.
2026-05-12T15:26:24.200+0300 [DEBUG] [org.gradle.cache.internal.DefaultFileLockManager] Releasing lock on daemon addresses registry.
2026-05-12T15:26:24.201+0300 [LIFECYCLE] [org.gradle.launcher.daemon.server.Daemon] Daemon server started.
2026-05-12T15:26:24.203+0300 [DEBUG] [org.gradle.launcher.daemon.bootstrap.DaemonStartupCommunication] Completed writing the daemon greeting. Closing streams...
2026-05-12T15:26:24.221+0300 [DEBUG] [org.gradle.internal.remote.internal.inet.TcpIncomingConnector] Accepted connection from /127.0.0.1:63429 to /127.0.0.1:63428.
2026-05-12T15:26:24.228+0300 [DEBUG] [org.gradle.launcher.daemon.server.Daemon] stopOnExpiration() called on daemon
2026-05-12T15:26:24.230+0300 [DEBUG] [org.gradle.launcher.daemon.server.Daemon] awaitExpiration() called on daemon
2026-05-12T15:26:24.231+0300 [DEBUG] [org.gradle.launcher.daemon.server.DaemonStateCoordinator] daemon is running. Sleeping until state changes.
2026-05-12T15:26:24.340+0300 [DEBUG] [org.gradle.launcher.daemon.server.SynchronizedDispatchConnection] thread 68: received class org.gradle.launcher.daemon.protocol.Build
2026-05-12T15:26:24.340+0300 [DEBUG] [org.gradle.launcher.daemon.server.DefaultDaemonConnection] thread 68: Received non-IO message from client: Build{id=5e656378-0866-4fd8-86fc-966126306f9c, currentDir=C:\Users\abdullah\Desktop\Test_Sanner\Test_Scanner_backend}
2026-05-12T15:26:24.341+0300 [INFO] [org.gradle.launcher.daemon.server.DefaultIncomingConnectionHandler] Received command: Build{id=5e656378-0866-4fd8-86fc-966126306f9c, currentDir=C:\Users\abdullah\Desktop\Test_Sanner\Test_Scanner_backend}.
2026-05-12T15:26:24.341+0300 [DEBUG] [org.gradle.launcher.daemon.server.DefaultIncomingConnectionHandler] Starting executing command: Build{id=5e656378-0866-4fd8-86fc-966126306f9c, currentDir=C:\Users\abdullah\Desktop\Test_Sanner\Test_Scanner_backend} with connection: socket connection from /127.0.0.1:63428 to /127.0.0.1:63429.
2026-05-12T15:26:24.344+0300 [DEBUG] [org.gradle.launcher.daemon.server.DaemonStateCoordinator] Command execution: started DaemonCommandExecution[command = Build{id=5e656378-0866-4fd8-86fc-966126306f9c, currentDir=C:\Users\abdullah\Desktop\Test_Sanner\Test_Scanner_backend}, connection = DefaultDaemonConnection: socket connection from /127.0.0.1:63428 to /127.0.0.1:63429] after 0.00315 minutes of idle
2026-05-12T15:26:24.345+0300 [INFO] [org.gradle.launcher.daemon.server.DaemonRegistryUpdater] Marking the daemon as busy, address: [59fa195b-1605-4789-8086-c10d50ba3b73 port:63428, addresses:[localhost/127.0.0.1]]
2026-05-12T15:26:24.345+0300 [DEBUG] [org.gradle.launcher.daemon.registry.PersistentDaemonRegistry] Marking busy by address: [59fa195b-1605-4789-8086-c10d50ba3b73 port:63428, addresses:[localhost/127.0.0.1]]
2026-05-12T15:26:24.346+0300 [DEBUG] [org.gradle.cache.internal.DefaultFileLockManager] Waiting to acquire exclusive lock on daemon addresses registry.
2026-05-12T15:26:24.347+0300 [DEBUG] [org.gradle.cache.internal.DefaultFileLockManager] Lock acquired on daemon addresses registry.
2026-05-12T15:26:24.349+0300 [DEBUG] [org.gradle.cache.internal.DefaultFileLockManager] Releasing lock on daemon addresses registry.
2026-05-12T15:26:24.349+0300 [DEBUG] [org.gradle.launcher.daemon.server.DaemonStateCoordinator] resetting idle timer
2026-05-12T15:26:24.349+0300 [DEBUG] [org.gradle.launcher.daemon.server.DaemonStateCoordinator] daemon is running. Sleeping until state changes.
2026-05-12T15:26:24.351+0300 [INFO] [org.gradle.launcher.daemon.server.exec.StartBuildOrRespondWithBusy] Daemon is about to start building Build{id=5e656378-0866-4fd8-86fc-966126306f9c, currentDir=C:\Users\abdullah\Desktop\Test_Sanner\Test_Scanner_backend}. Dispatching build started information...
2026-05-12T15:26:24.351+0300 [DEBUG] [org.gradle.launcher.daemon.server.SynchronizedDispatchConnection] thread 70: dispatching org.gradle.launcher.daemon.protocol.BuildStarted@3fdf25b6
2026-05-12T15:26:24.353+0300 [DEBUG] [org.gradle.launcher.daemon.server.exec.EstablishBuildEnvironment] Configuring env variables: [configsetroot, PATH, USERDOMAIN_ROAMINGPROFILE, PROCESSOR_LEVEL, GIT_PAGER, SESSIONNAME, ALLUSERSPROFILE, GIT_CONFIG_COUNT, PROCESSOR_ARCHITECTURE, PSModulePath, VSCODE_PID, SystemDrive, =ExitCode, DIRNAME, USERNAME, GIT_CONFIG_VALUE_0, ProgramFiles(x86), VSCODE_NLS_CONFIG, CHROME_CRASHPAD_PIPE_NAME, CODEX_INTERNAL_ORIGINATOR_OVERRIDE, FPS_BROWSER_USER_PROFILE_STRING, APP_HOME, CODEX_SANDBOX_NETWORK_DISABLED, DEFAULT_JVM_OPTS, PATHEXT, DriverData, VSCODE_CRASH_REPORTER_PROCESS_TYPE, PAGER, VSCODE_CODE_CACHE_PATH, ProgramData, ProgramW6432, HOMEPATH, PROCESSOR_IDENTIFIER, ProgramFiles, PUBLIC, LESS, windir, LOCALAPPDATA, ChocolateyLastPathUpdate, USERDOMAIN, VSCODE_HANDLES_UNCAUGHT_ERRORS, FPS_BROWSER_APP_PROFILE_STRING, LOGONSERVER, PROMPT, RUST_LOG, asl.log, ELECTRON_RUN_AS_NODE, OneDrive, =C:, APPDATA, GRADLE_USER_HOME, JAVA_EXE, ChocolateyInstall, CODEX_THREAD_ID, VBOX_MSI_INSTALL_PATH, CommonProgramFiles, GIT_CONFIG_KEY_0, VSCODE_CWD, OS, COMPUTERNAME, VSCODE_ESM_ENTRYPOINT, PROCESSOR_REVISION, CommonProgramW6432, DEBUG, ComSpec, APP_BASE_NAME, SystemRoot, TEMP, HOMEDRIVE, USERPROFILE, TMP, CommonProgramFiles(x86), NUMBER_OF_PROCESSORS, VSCODE_IPC_HOOK]
2026-05-12T15:26:24.363+0300 [DEBUG] [org.gradle.launcher.daemon.server.exec.LogToClient] About to start relaying all logs to the client via the connection.
2026-05-12T15:26:24.363+0300 [INFO] [org.gradle.launcher.daemon.server.exec.LogToClient] The client will now receive all logging from the daemon (pid: 12052). The daemon log file: C:\Users\abdullah\Desktop\Test_Sanner\.gradle-local\daemon\9.2.1\daemon-12052.out.log
2026-05-12T15:26:24.381+0300 [INFO] [org.gradle.launcher.daemon.server.exec.LogAndCheckHealth] Starting build in new daemon [memory: 512 MiB]
2026-05-12T15:26:24.389+0300 [DEBUG] [org.gradle.launcher.daemon.server.exec.ExecuteBuild] The daemon has started executing the build.
2026-05-12T15:26:24.389+0300 [DEBUG] [org.gradle.launcher.daemon.server.exec.ExecuteBuild] Executing build with daemon context: DefaultDaemonContext[uid=8afe7a4a-1d99-4031-8026-b410c6322fa4,javaHome=C:\Program Files\Java\jdk-24.0.2,javaVersion=24,javaVendor=Oracle Corporation,daemonRegistryDir=C:\Users\abdullah\Desktop\Test_Sanner\.gradle-local\daemon,pid=12052,idleTimeout=10800000,priority=NORMAL,applyInstrumentationAgent=true,nativeServicesMode=ENABLED,daemonOpts=-XX:MaxMetaspaceSize=384m,-XX:+HeapDumpOnOutOfMemoryError,-Xms256m,-Xmx512m,-Dfile.encoding=UTF-8,-Duser.country=RU,-Duser.language=ru,-Duser.variant]
C:\Users\abdullah\Desktop\Test_Sanner\Test_Scanner_backend\src\main\java\com\Ghallab\dev\Test_Scanner_backend\auth\controller\AuthController.java:5: error: package com.Ghallab.dev.Test_Scanner_backend.auth.dto does not exist
import com.Ghallab.dev.Test_Scanner_backend.auth.dto.ChangePasswordRequest;
                                                    ^
C:\Users\abdullah\Desktop\Test_Sanner\Test_Scanner_backend\src\main\java\com\Ghallab\dev\Test_Scanner_backend\auth\controller\AuthController.java:6: error: package com.Ghallab.dev.Test_Scanner_backend.auth.dto does not exist
import com.Ghallab.dev.Test_Scanner_backend.auth.dto.LoginRequest;
                                                    ^
C:\Users\abdullah\Desktop\Test_Sanner\Test_Scanner_backend\src\main\java\com\Ghallab\dev\Test_Scanner_backend\auth\controller\AuthController.java:7: error: package com.Ghallab.dev.Test_Scanner_backend.auth.dto does not exist
import com.Ghallab.dev.Test_Scanner_backend.auth.dto.LoginResponse;
                                                    ^
C:\Users\abdullah\Desktop\Test_Sanner\Test_Scanner_backend\src\main\java\com\Ghallab\dev\Test_Scanner_backend\auth\controller\AuthController.java:8: error: package com.Ghallab.dev.Test_Scanner_backend.auth.dto does not exist
import com.Ghallab.dev.Test_Scanner_backend.auth.dto.RegistrationRequest;
                                                    ^
C:\Users\abdullah\Desktop\Test_Sanner\Test_Scanner_backend\src\main\java\com\Ghallab\dev\Test_Scanner_backend\auth\controller\AuthController.java:9: error: package com.Ghallab.dev.Test_Scanner_backend.auth.dto does not exist
import com.Ghallab.dev.Test_Scanner_backend.auth.dto.ResetPasswordRequest;
                                                    ^
C:\Users\abdullah\Desktop\Test_Sanner\Test_Scanner_backend\src\main\java\com\Ghallab\dev\Test_Scanner_backend\auth\controller\AuthController.java:10: error: package com.Ghallab.dev.Test_Scanner_backend.common.Response does not exist
import com.Ghallab.dev.Test_Scanner_backend.common.Response.Response;
                                                           ^
C:\Users\abdullah\Desktop\Test_Sanner\Test_Scanner_backend\src\main\java\com\Ghallab\dev\Test_Scanner_backend\auth\domain\service\AuthService.java:3: error: package com.Ghallab.dev.Test_Scanner_backend.auth.dto does not exist
import com.Ghallab.dev.Test_Scanner_backend.auth.dto.ChangePasswordRequest;
                                                    ^
C:\Users\abdullah\Desktop\Test_Sanner\Test_Scanner_backend\src\main\java\com\Ghallab\dev\Test_Scanner_backend\auth\domain\service\AuthService.java:4: error: package com.Ghallab.dev.Test_Scanner_backend.auth.dto does not exist
import com.Ghallab.dev.Test_Scanner_backend.auth.dto.LoginRequest;
                                                    ^
C:\Users\abdullah\Desktop\Test_Sanner\Test_Scanner_backend\src\main\java\com\Ghallab\dev\Test_Scanner_backend\auth\domain\service\AuthService.java:5: error: package com.Ghallab.dev.Test_Scanner_backend.auth.dto does not exist
import com.Ghallab.dev.Test_Scanner_backend.auth.dto.LoginResponse;
                                                    ^
C:\Users\abdullah\Desktop\Test_Sanner\Test_Scanner_backend\src\main\java\com\Ghallab\dev\Test_Scanner_backend\auth\domain\service\AuthService.java:6: error: package com.Ghallab.dev.Test_Scanner_backend.auth.dto does not exist
import com.Ghallab.dev.Test_Scanner_backend.auth.dto.RegistrationRequest;
                                                    ^
C:\Users\abdullah\Desktop\Test_Sanner\Test_Scanner_backend\src\main\java\com\Ghallab\dev\Test_Scanner_backend\auth\domain\service\AuthService.java:7: error: package com.Ghallab.dev.Test_Scanner_backend.auth.dto does not exist
import com.Ghallab.dev.Test_Scanner_backend.auth.dto.ResetPasswordRequest;
                                                    ^
C:\Users\abdullah\Desktop\Test_Sanner\Test_Scanner_backend\src\main\java\com\Ghallab\dev\Test_Scanner_backend\auth\domain\service\AuthService.java:8: error: package com.Ghallab.dev.Test_Scanner_backend.common.Response does not exist
import com.Ghallab.dev.Test_Scanner_backend.common.Response.Response;
                                                           ^
C:\Users\abdullah\Desktop\Test_Sanner\Test_Scanner_backend\src\main\java\com\Ghallab\dev\Test_Scanner_backend\auth\controller\AuthController.java:43: error: cannot find symbol
    public ResponseEntity<Response<String>> register(@Valid @RequestBody RegistrationRequest registrationRequest) {
                                                                         ^
  symbol:   class RegistrationRequest
  location: class AuthController
C:\Users\abdullah\Desktop\Test_Sanner\Test_Scanner_backend\src\main\java\com\Ghallab\dev\Test_Scanner_backend\auth\controller\AuthController.java:43: error: cannot find symbol
    public ResponseEntity<Response<String>> register(@Valid @RequestBody RegistrationRequest registrationRequest) {
                          ^
  symbol:   class Response
  location: class AuthController
C:\Users\abdullah\Desktop\Test_Sanner\Test_Scanner_backend\src\main\java\com\Ghallab\dev\Test_Scanner_backend\auth\controller\AuthController.java:51: error: cannot find symbol
            @Valid @RequestBody LoginRequest loginRequest,
                                ^
  symbol:   class LoginRequest
  location: class AuthController
C:\Users\abdullah\Desktop\Test_Sanner\Test_Scanner_backend\src\main\java\com\Ghallab\dev\Test_Scanner_backend\auth\controller\AuthController.java:50: error: cannot find symbol
    public ResponseEntity<Response<LoginResponse>> login(
                          ^
  symbol:   class Response
  location: class AuthController
C:\Users\abdullah\Desktop\Test_Sanner\Test_Scanner_backend\src\main\java\com\Ghallab\dev\Test_Scanner_backend\auth\controller\AuthController.java:50: error: cannot find symbol
    public ResponseEntity<Response<LoginResponse>> login(
                                   ^
  symbol:   class LoginResponse
  location: class AuthController
C:\Users\abdullah\Desktop\Test_Sanner\Test_Scanner_backend\src\main\java\com\Ghallab\dev\Test_Scanner_backend\auth\controller\AuthController.java:66: error: cannot find symbol
    public ResponseEntity<Response<LoginResponse>> refreshToken(
                          ^
  symbol:   class Response
  location: class AuthController
C:\Users\abdullah\Desktop\Test_Sanner\Test_Scanner_backend\src\main\java\com\Ghallab\dev\Test_Scanner_backend\auth\controller\AuthController.java:66: error: cannot find symbol
    public ResponseEntity<Response<LoginResponse>> refreshToken(
                                   ^
  symbol:   class LoginResponse
  location: class AuthController
C:\Users\abdullah\Desktop\Test_Sanner\Test_Scanner_backend\src\main\java\com\Ghallab\dev\Test_Scanner_backend\auth\controller\AuthController.java:86: error: cannot find symbol
    public ResponseEntity<Response<LoginResponse>> me() {
                          ^
  symbol:   class Response
  location: class AuthController
C:\Users\abdullah\Desktop\Test_Sanner\Test_Scanner_backend\src\main\java\com\Ghallab\dev\Test_Scanner_backend\auth\controller\AuthController.java:86: error: cannot find symbol
    public ResponseEntity<Response<LoginResponse>> me() {
                                   ^
  symbol:   class LoginResponse
  location: class AuthController
C:\Users\abdullah\Desktop\Test_Sanner\Test_Scanner_backend\src\main\java\com\Ghallab\dev\Test_Scanner_backend\auth\controller\AuthController.java:111: error: cannot find symbol
    public ResponseEntity<Response<String>> forgetPassword(@RequestParam String email) {
                          ^
  symbol:   class Response
  location: class AuthController
C:\Users\abdullah\Desktop\Test_Sanner\Test_Scanner_backend\src\main\java\com\Ghallab\dev\Test_Scanner_backend\auth\controller\AuthController.java:120: error: cannot find symbol
            @Valid @RequestBody ResetPasswordRequest resetPasswordRequest
                                ^
  symbol:   class ResetPasswordRequest
  location: class AuthController
C:\Users\abdullah\Desktop\Test_Sanner\Test_Scanner_backend\src\main\java\com\Ghallab\dev\Test_Scanner_backend\auth\controller\AuthController.java:118: error: cannot find symbol
    public ResponseEntity<Response<String>> resetPassword(
                          ^
  symbol:   class Response
  location: class AuthController
C:\Users\abdullah\Desktop\Test_Sanner\Test_Scanner_backend\src\main\java\com\Ghallab\dev\Test_Scanner_backend\auth\controller\AuthController.java:128: error: cannot find symbol
    public ResponseEntity<Response<String>> changePassword(@Valid @RequestBody ChangePasswordRequest request) {
                                                                               ^
  symbol:   class ChangePasswordRequest
  location: class AuthController
C:\Users\abdullah\Desktop\Test_Sanner\Test_Scanner_backend\src\main\java\com\Ghallab\dev\Test_Scanner_backend\auth\controller\AuthController.java:128: error: cannot find symbol
    public ResponseEntity<Response<String>> changePassword(@Valid @RequestBody ChangePasswordRequest request) {
                          ^
  symbol:   class Response
  location: class AuthController
C:\Users\abdullah\Desktop\Test_Sanner\Test_Scanner_backend\src\main\java\com\Ghallab\dev\Test_Scanner_backend\auth\controller\AuthController.java:135: error: cannot find symbol
    public ResponseEntity<Response<String>> logout(HttpServletRequest request, HttpServletResponse response) {
                          ^
  symbol:   class Response
  location: class AuthController
C:\Users\abdullah\Desktop\Test_Sanner\Test_Scanner_backend\src\main\java\com\Ghallab\dev\Test_Scanner_backend\auth\domain\service\AuthService.java:11: error: cannot find symbol
    Response<String> register(RegistrationRequest request);
                              ^
  symbol:   class RegistrationRequest
  location: interface AuthService
C:\Users\abdullah\Desktop\Test_Sanner\Test_Scanner_backend\src\main\java\com\Ghallab\dev\Test_Scanner_backend\auth\domain\service\AuthService.java:11: error: cannot find symbol
    Response<String> register(RegistrationRequest request);
    ^
  symbol:   class Response
  location: interface AuthService
C:\Users\abdullah\Desktop\Test_Sanner\Test_Scanner_backend\src\main\java\com\Ghallab\dev\Test_Scanner_backend\auth\domain\service\AuthService.java:12: error: cannot find symbol
    Response<LoginResponse> login(LoginRequest loginRequest);
                                  ^
  symbol:   class LoginRequest
  location: interface AuthService
C:\Users\abdullah\Desktop\Test_Sanner\Test_Scanner_backend\src\main\java\com\Ghallab\dev\Test_Scanner_backend\auth\domain\service\AuthService.java:12: error: cannot find symbol
    Response<LoginResponse> login(LoginRequest loginRequest);
    ^
  symbol:   class Response
  location: interface AuthService
C:\Users\abdullah\Desktop\Test_Sanner\Test_Scanner_backend\src\main\java\com\Ghallab\dev\Test_Scanner_backend\auth\domain\service\AuthService.java:12: error: cannot find symbol
    Response<LoginResponse> login(LoginRequest loginRequest);
             ^
  symbol:   class LoginResponse
  location: interface AuthService
C:\Users\abdullah\Desktop\Test_Sanner\Test_Scanner_backend\src\main\java\com\Ghallab\dev\Test_Scanner_backend\auth\domain\service\AuthService.java:13: error: cannot find symbol
    Response<LoginResponse> refreshToken(String refreshToken);
    ^
  symbol:   class Response
  location: interface AuthService
C:\Users\abdullah\Desktop\Test_Sanner\Test_Scanner_backend\src\main\java\com\Ghallab\dev\Test_Scanner_backend\auth\domain\service\AuthService.java:13: error: cannot find symbol
    Response<LoginResponse> refreshToken(String refreshToken);
             ^
  symbol:   class LoginResponse
  location: interface AuthService
C:\Users\abdullah\Desktop\Test_Sanner\Test_Scanner_backend\src\main\java\com\Ghallab\dev\Test_Scanner_backend\auth\domain\service\AuthService.java:14: error: cannot find symbol
    Response<LoginResponse> getCurrentUserProfile();
    ^
  symbol:   class Response
  location: interface AuthService
C:\Users\abdullah\Desktop\Test_Sanner\Test_Scanner_backend\src\main\java\com\Ghallab\dev\Test_Scanner_backend\auth\domain\service\AuthService.java:14: error: cannot find symbol
    Response<LoginResponse> getCurrentUserProfile();
             ^
  symbol:   class LoginResponse
  location: interface AuthService
C:\Users\abdullah\Desktop\Test_Sanner\Test_Scanner_backend\src\main\java\com\Ghallab\dev\Test_Scanner_backend\auth\domain\service\AuthService.java:15: error: cannot find symbol
    Response<String> verifyEmail(String token);
    ^
  symbol:   class Response
  location: interface AuthService
C:\Users\abdullah\Desktop\Test_Sanner\Test_Scanner_backend\src\main\java\com\Ghallab\dev\Test_Scanner_backend\auth\domain\service\AuthService.java:16: error: cannot find symbol
    Response<String> forgetPassword(String email);
    ^
  symbol:   class Response
  location: interface AuthService
C:\Users\abdullah\Desktop\Test_Sanner\Test_Scanner_backend\src\main\java\com\Ghallab\dev\Test_Scanner_backend\auth\domain\service\AuthService.java:17: error: cannot find symbol
    Response<String> resetPassword(String token, ResetPasswordRequest request);
                                                 ^
  symbol:   class ResetPasswordRequest
  location: interface AuthService
C:\Users\abdullah\Desktop\Test_Sanner\Test_Scanner_backend\src\main\java\com\Ghallab\dev\Test_Scanner_backend\auth\domain\service\AuthService.java:17: error: cannot find symbol
    Response<String> resetPassword(String token, ResetPasswordRequest request);
    ^
  symbol:   class Response
  location: interface AuthService
C:\Users\abdullah\Desktop\Test_Sanner\Test_Scanner_backend\src\main\java\com\Ghallab\dev\Test_Scanner_backend\auth\domain\service\AuthService.java:18: error: cannot find symbol
    Response<String> changePassword(ChangePasswordRequest request);
                                    ^
  symbol:   class ChangePasswordRequest
  location: interface AuthService
C:\Users\abdullah\Desktop\Test_Sanner\Test_Scanner_backend\src\main\java\com\Ghallab\dev\Test_Scanner_backend\auth\domain\service\AuthService.java:18: error: cannot find symbol
    Response<String> changePassword(ChangePasswordRequest request);
    ^
  symbol:   class Response
  location: interface AuthService
C:\Users\abdullah\Desktop\Test_Sanner\Test_Scanner_backend\src\main\java\com\Ghallab\dev\Test_Scanner_backend\auth\domain\service\AuthService.java:19: error: cannot find symbol
    Response<String> logout();
    ^
  symbol:   class Response
  location: interface AuthService
C:\Users\abdullah\Desktop\Test_Sanner\Test_Scanner_backend\src\main\java\com\Ghallab\dev\Test_Scanner_backend\auth\domain\service\AuthServiceImpl.java:3: error: package com.Ghallab.dev.Test_Scanner_backend.auth.domain.entity does not exist
import com.Ghallab.dev.Test_Scanner_backend.auth.domain.entity.User;
                                                              ^
C:\Users\abdullah\Desktop\Test_Sanner\Test_Scanner_backend\src\main\java\com\Ghallab\dev\Test_Scanner_backend\auth\domain\service\AuthServiceImpl.java:4: error: package com.Ghallab.dev.Test_Scanner_backend.auth.domain.repository does not exist
import com.Ghallab.dev.Test_Scanner_backend.auth.domain.repository.UserRepository;
                                                                  ^
C:\Users\abdullah\Desktop\Test_Sanner\Test_Scanner_backend\src\main\java\com\Ghallab\dev\Test_Scanner_backend\auth\domain\service\AuthServiceImpl.java:5: error: package com.Ghallab.dev.Test_Scanner_backend.auth.dto does not exist
import com.Ghallab.dev.Test_Scanner_backend.auth.dto.ChangePasswordRequest;
                                                    ^
C:\Users\abdullah\Desktop\Test_Sanner\Test_Scanner_backend\src\main\java\com\Ghallab\dev\Test_Scanner_backend\auth\domain\service\AuthServiceImpl.java:6: error: package com.Ghallab.dev.Test_Scanner_backend.auth.dto does not exist
import com.Ghallab.dev.Test_Scanner_backend.auth.dto.LoginRequest;
                                                    ^
C:\Users\abdullah\Desktop\Test_Sanner\Test_Scanner_backend\src\main\java\com\Ghallab\dev\Test_Scanner_backend\auth\domain\service\AuthServiceImpl.java:7: error: package com.Ghallab.dev.Test_Scanner_backend.auth.dto does not exist
import com.Ghallab.dev.Test_Scanner_backend.auth.dto.LoginResponse;
                                                    ^
C:\Users\abdullah\Desktop\Test_Sanner\Test_Scanner_backend\src\main\java\com\Ghallab\dev\Test_Scanner_backend\auth\domain\service\AuthServiceImpl.java:8: error: package com.Ghallab.dev.Test_Scanner_backend.auth.dto does not exist
import com.Ghallab.dev.Test_Scanner_backend.auth.dto.RegistrationRequest;
                                                    ^
C:\Users\abdullah\Desktop\Test_Sanner\Test_Scanner_backend\src\main\java\com\Ghallab\dev\Test_Scanner_backend\auth\domain\service\AuthServiceImpl.java:9: error: package com.Ghallab.dev.Test_Scanner_backend.auth.dto does not exist
import com.Ghallab.dev.Test_Scanner_backend.auth.dto.ResetPasswordRequest;
                                                    ^
C:\Users\abdullah\Desktop\Test_Sanner\Test_Scanner_backend\src\main\java\com\Ghallab\dev\Test_Scanner_backend\auth\domain\service\AuthServiceImpl.java:10: error: package com.Ghallab.dev.Test_Scanner_backend.auth.mapper does not exist
import com.Ghallab.dev.Test_Scanner_backend.auth.mapper.UserMapper;
                                                       ^
C:\Users\abdullah\Desktop\Test_Sanner\Test_Scanner_backend\src\main\java\com\Ghallab\dev\Test_Scanner_backend\auth\domain\service\AuthServiceImpl.java:12: error: package com.Ghallab.dev.Test_Scanner_backend.common.Response does not exist
import com.Ghallab.dev.Test_Scanner_backend.common.Response.Response;
                                                           ^
C:\Users\abdullah\Desktop\Test_Sanner\Test_Scanner_backend\src\main\java\com\Ghallab\dev\Test_Scanner_backend\auth\domain\service\AuthServiceImpl.java:13: error: package com.Ghallab.dev.Test_Scanner_backend.common.exceptions does not exist
import com.Ghallab.dev.Test_Scanner_backend.common.exceptions.BadRequestException;
                                                             ^
C:\Users\abdullah\Desktop\Test_Sanner\Test_Scanner_backend\src\main\java\com\Ghallab\dev\Test_Scanner_backend\auth\domain\service\AuthServiceImpl.java:14: error: package com.Ghallab.dev.Test_Scanner_backend.common.exceptions does not exist
import com.Ghallab.dev.Test_Scanner_backend.common.exceptions.NotFoundException;
                                                             ^
C:\Users\abdullah\Desktop\Test_Sanner\Test_Scanner_backend\src\main\java\com\Ghallab\dev\Test_Scanner_backend\auth\domain\service\AuthServiceImpl.java:15: error: package com.Ghallab.dev.Test_Scanner_backend.notification.domain.service does not exist
import com.Ghallab.dev.Test_Scanner_backend.notification.domain.service.NotificationService;
                                                                       ^
C:\Users\abdullah\Desktop\Test_Sanner\Test_Scanner_backend\src\main\java\com\Ghallab\dev\Test_Scanner_backend\auth\domain\service\AuthServiceImpl.java:16: error: package com.Ghallab.dev.Test_Scanner_backend.notification.dto does not exist
import com.Ghallab.dev.Test_Scanner_backend.notification.dto.NotificationDto;
                                                            ^
C:\Users\abdullah\Desktop\Test_Sanner\Test_Scanner_backend\src\main\java\com\Ghallab\dev\Test_Scanner_backend\auth\domain\service\AuthServiceImpl.java:35: error: cannot find symbol
    private final UserRepository userRepository;
                  ^
  symbol:   class UserRepository
  location: class AuthServiceImpl
C:\Users\abdullah\Desktop\Test_Sanner\Test_Scanner_backend\src\main\java\com\Ghallab\dev\Test_Scanner_backend\auth\domain\service\AuthServiceImpl.java:37: error: cannot find symbol
    private final NotificationService notificationService;
                  ^
  symbol:   class NotificationService
  location: class AuthServiceImpl
C:\Users\abdullah\Desktop\Test_Sanner\Test_Scanner_backend\src\main\java\com\Ghallab\dev\Test_Scanner_backend\auth\domain\service\AuthServiceImpl.java:39: error: cannot find symbol
    private final UserMapper userMapper;
                  ^
  symbol:   class UserMapper
  location: class AuthServiceImpl
C:\Users\abdullah\Desktop\Test_Sanner\Test_Scanner_backend\src\main\java\com\Ghallab\dev\Test_Scanner_backend\auth\domain\service\AuthServiceImpl.java:49: error: cannot find symbol
    public Response<String> register(RegistrationRequest request) {
                                     ^
  symbol:   class RegistrationRequest
  location: class AuthServiceImpl
C:\Users\abdullah\Desktop\Test_Sanner\Test_Scanner_backend\src\main\java\com\Ghallab\dev\Test_Scanner_backend\auth\domain\service\AuthServiceImpl.java:49: error: cannot find symbol
    public Response<String> register(RegistrationRequest request) {
           ^
  symbol:   class Response
  location: class AuthServiceImpl
C:\Users\abdullah\Desktop\Test_Sanner\Test_Scanner_backend\src\main\java\com\Ghallab\dev\Test_Scanner_backend\auth\domain\service\AuthServiceImpl.java:90: error: cannot find symbol
    public Response<LoginResponse> login(LoginRequest loginRequest) {
                                         ^
  symbol:   class LoginRequest
  location: class AuthServiceImpl
C:\Users\abdullah\Desktop\Test_Sanner\Test_Scanner_backend\src\main\java\com\Ghallab\dev\Test_Scanner_backend\auth\domain\service\AuthServiceImpl.java:90: error: cannot find symbol
    public Response<LoginResponse> login(LoginRequest loginRequest) {
           ^
  symbol:   class Response
  location: class AuthServiceImpl
C:\Users\abdullah\Desktop\Test_Sanner\Test_Scanner_backend\src\main\java\com\Ghallab\dev\Test_Scanner_backend\auth\domain\service\AuthServiceImpl.java:90: error: cannot find symbol
    public Response<LoginResponse> login(LoginRequest loginRequest) {
                    ^
  symbol:   class LoginResponse
  location: class AuthServiceImpl
C:\Users\abdullah\Desktop\Test_Sanner\Test_Scanner_backend\src\main\java\com\Ghallab\dev\Test_Scanner_backend\auth\domain\service\AuthServiceImpl.java:121: error: cannot find symbol
    public Response<LoginResponse> refreshToken(String refreshToken) {
           ^
  symbol:   class Response
  location: class AuthServiceImpl
C:\Users\abdullah\Desktop\Test_Sanner\Test_Scanner_backend\src\main\java\com\Ghallab\dev\Test_Scanner_backend\auth\domain\service\AuthServiceImpl.java:121: error: cannot find symbol
    public Response<LoginResponse> refreshToken(String refreshToken) {
                    ^
  symbol:   class LoginResponse
  location: class AuthServiceImpl
C:\Users\abdullah\Desktop\Test_Sanner\Test_Scanner_backend\src\main\java\com\Ghallab\dev\Test_Scanner_backend\auth\domain\service\AuthServiceImpl.java:157: error: cannot find symbol
    public Response<LoginResponse> getCurrentUserProfile() {
           ^
  symbol:   class Response
  location: class AuthServiceImpl
C:\Users\abdullah\Desktop\Test_Sanner\Test_Scanner_backend\src\main\java\com\Ghallab\dev\Test_Scanner_backend\auth\domain\service\AuthServiceImpl.java:157: error: cannot find symbol
    public Response<LoginResponse> getCurrentUserProfile() {
                    ^
  symbol:   class LoginResponse
  location: class AuthServiceImpl
C:\Users\abdullah\Desktop\Test_Sanner\Test_Scanner_backend\src\main\java\com\Ghallab\dev\Test_Scanner_backend\auth\domain\service\AuthServiceImpl.java:171: error: cannot find symbol
    public Response<String> verifyEmail(String token) {
           ^
  symbol:   class Response
  location: class AuthServiceImpl
C:\Users\abdullah\Desktop\Test_Sanner\Test_Scanner_backend\src\main\java\com\Ghallab\dev\Test_Scanner_backend\auth\domain\service\AuthServiceImpl.java:197: error: cannot find symbol
    public Response<String> forgetPassword(String email) {
           ^
  symbol:   class Response
  location: class AuthServiceImpl
C:\Users\abdullah\Desktop\Test_Sanner\Test_Scanner_backend\src\main\java\com\Ghallab\dev\Test_Scanner_backend\auth\domain\service\AuthServiceImpl.java:229: error: cannot find symbol
    public Response<String> resetPassword(String token, ResetPasswordRequest request) {
                                                        ^
  symbol:   class ResetPasswordRequest
  location: class AuthServiceImpl
C:\Users\abdullah\Desktop\Test_Sanner\Test_Scanner_backend\src\main\java\com\Ghallab\dev\Test_Scanner_backend\auth\domain\service\AuthServiceImpl.java:229: error: cannot find symbol
    public Response<String> resetPassword(String token, ResetPasswordRequest request) {
           ^
  symbol:   class Response
  location: class AuthServiceImpl
C:\Users\abdullah\Desktop\Test_Sanner\Test_Scanner_backend\src\main\java\com\Ghallab\dev\Test_Scanner_backend\auth\domain\service\AuthServiceImpl.java:259: error: cannot find symbol
    public Response<String> changePassword(ChangePasswordRequest request) {
                                           ^
  symbol:   class ChangePasswordRequest
  location: class AuthServiceImpl
C:\Users\abdullah\Desktop\Test_Sanner\Test_Scanner_backend\src\main\java\com\Ghallab\dev\Test_Scanner_backend\auth\domain\service\AuthServiceImpl.java:259: error: cannot find symbol
    public Response<String> changePassword(ChangePasswordRequest request) {
           ^
  symbol:   class Response
  location: class AuthServiceImpl
C:\Users\abdullah\Desktop\Test_Sanner\Test_Scanner_backend\src\main\java\com\Ghallab\dev\Test_Scanner_backend\auth\domain\service\AuthServiceImpl.java:286: error: cannot find symbol
    public Response<String> logout() {
           ^
  symbol:   class Response
  location: class AuthServiceImpl
C:\Users\abdullah\Desktop\Test_Sanner\Test_Scanner_backend\src\main\java\com\Ghallab\dev\Test_Scanner_backend\auth\domain\service\AuthServiceImpl.java:294: error: cannot find symbol
    private User getCurrentUser() {
            ^
  symbol:   class User
  location: class AuthServiceImpl
C:\Users\abdullah\Desktop\Test_Sanner\Test_Scanner_backend\src\main\java\com\Ghallab\dev\Test_Scanner_backend\auth\domain\service\AuthServiceImpl.java:32: error: cannot find symbol
@RequiredArgsConstructor
^
  symbol:   class UserRepository
  location: class AuthServiceImpl
C:\Users\abdullah\Desktop\Test_Sanner\Test_Scanner_backend\src\main\java\com\Ghallab\dev\Test_Scanner_backend\auth\security\AuthFilter.java:3: error: package com.Ghallab.dev.Test_Scanner_backend.common.exceptions does not exist
import com.Ghallab.dev.Test_Scanner_backend.common.exceptions.CustomAuthenticationEntryPoint;
                                                             ^
C:\Users\abdullah\Desktop\Test_Sanner\Test_Scanner_backend\src\main\java\com\Ghallab\dev\Test_Scanner_backend\auth\security\AuthFilter.java:25: error: cannot find symbol
    private final JwtUtils jwtUtils;
                  ^
  symbol:   class JwtUtils
  location: class AuthFilter
C:\Users\abdullah\Desktop\Test_Sanner\Test_Scanner_backend\src\main\java\com\Ghallab\dev\Test_Scanner_backend\auth\security\AuthFilter.java:27: error: cannot find symbol
    private final CustomAuthenticationEntryPoint customAuthenticationEntryPoint;
                  ^
  symbol:   class CustomAuthenticationEntryPoint
  location: class AuthFilter
C:\Users\abdullah\Desktop\Test_Sanner\Test_Scanner_backend\src\main\java\com\Ghallab\dev\Test_Scanner_backend\auth\security\AuthFilter.java:28: error: cannot find symbol
    private final CustomUserDetailsService customUserDetailsService;
                  ^
  symbol:   class CustomUserDetailsService
  location: class AuthFilter
C:\Users\abdullah\Desktop\Test_Sanner\Test_Scanner_backend\src\main\java\com\Ghallab\dev\Test_Scanner_backend\auth\security\AuthFilter.java:23: error: cannot find symbol
@RequiredArgsConstructor
^
  symbol:   class JwtUtils
  location: class AuthFilter
C:\Users\abdullah\Desktop\Test_Sanner\Test_Scanner_backend\src\main\java\com\Ghallab\dev\Test_Scanner_backend\auth\security\SecurityFilter.java:4: error: package com.Ghallab.dev.Test_Scanner_backend.common.exceptions does not exist
import com.Ghallab.dev.Test_Scanner_backend.common.exceptions.CustomAccessDenialHandler;
                                                             ^
C:\Users\abdullah\Desktop\Test_Sanner\Test_Scanner_backend\src\main\java\com\Ghallab\dev\Test_Scanner_backend\auth\security\SecurityFilter.java:5: error: package com.Ghallab.dev.Test_Scanner_backend.common.exceptions does not exist
import com.Ghallab.dev.Test_Scanner_backend.common.exceptions.CustomAuthenticationEntryPoint;
                                                             ^
C:\Users\abdullah\Desktop\Test_Sanner\Test_Scanner_backend\src\main\java\com\Ghallab\dev\Test_Scanner_backend\auth\security\SecurityFilter.java:29: error: cannot find symbol
    private final CustomAccessDenialHandler customAccessDenialHandler;
                  ^
  symbol:   class CustomAccessDenialHandler
  location: class SecurityFilter
C:\Users\abdullah\Desktop\Test_Sanner\Test_Scanner_backend\src\main\java\com\Ghallab\dev\Test_Scanner_backend\auth\security\SecurityFilter.java:30: error: cannot find symbol
    private final CustomAuthenticationEntryPoint customAuthenticationEntryPoint;
                  ^
  symbol:   class CustomAuthenticationEntryPoint
  location: class SecurityFilter
C:\Users\abdullah\Desktop\Test_Sanner\Test_Scanner_backend\src\main\java\com\Ghallab\dev\Test_Scanner_backend\auth\security\SecurityFilter.java:25: error: cannot find symbol
@RequiredArgsConstructor
^
  symbol:   class CustomAccessDenialHandler
  location: class SecurityFilter
C:\Users\abdullah\Desktop\Test_Sanner\Test_Scanner_backend\src\main\java\com\Ghallab\dev\Test_Scanner_backend\scan\domain\service\ScanPreviewService.java:23: error: cannot find symbol
    public String generatePreviewAndCopyArtifacts(String originalImagePath, ScanFileStorageService storageService) {
                                                                            ^
  symbol:   class ScanFileStorageService
  location: class ScanPreviewService
C:\Users\abdullah\Desktop\Test_Sanner\Test_Scanner_backend\src\main\java\com\Ghallab\dev\Test_Scanner_backend\scan\domain\service\ScanServiceImpl.java:3: error: package com.Ghallab.dev.Test_Scanner_backend.auth.domain.entity does not exist
import com.Ghallab.dev.Test_Scanner_backend.auth.domain.entity.User;
                                                              ^
C:\Users\abdullah\Desktop\Test_Sanner\Test_Scanner_backend\src\main\java\com\Ghallab\dev\Test_Scanner_backend\scan\domain\service\ScanServiceImpl.java:4: error: package com.Ghallab.dev.Test_Scanner_backend.auth.domain.repository does not exist
import com.Ghallab.dev.Test_Scanner_backend.auth.domain.repository.UserRepository;
                                                                  ^
C:\Users\abdullah\Desktop\Test_Sanner\Test_Scanner_backend\src\main\java\com\Ghallab\dev\Test_Scanner_backend\scan\domain\service\ScanServiceImpl.java:5: error: package com.Ghallab.dev.Test_Scanner_backend.common.Response does not exist
import com.Ghallab.dev.Test_Scanner_backend.common.Response.Response;
                                                           ^
C:\Users\abdullah\Desktop\Test_Sanner\Test_Scanner_backend\src\main\java\com\Ghallab\dev\Test_Scanner_backend\scan\domain\service\ScanServiceImpl.java:6: error: package com.Ghallab.dev.Test_Scanner_backend.common.exceptions does not exist
import com.Ghallab.dev.Test_Scanner_backend.common.exceptions.NotFoundException;
                                                             ^
C:\Users\abdullah\Desktop\Test_Sanner\Test_Scanner_backend\src\main\java\com\Ghallab\dev\Test_Scanner_backend\scan\domain\service\ScanServiceImpl.java:7: error: package com.Ghallab.dev.Test_Scanner_backend.result.domain.entity does not exist
import com.Ghallab.dev.Test_Scanner_backend.result.domain.entity.StudentAnswer;
                                                                ^
C:\Users\abdullah\Desktop\Test_Sanner\Test_Scanner_backend\src\main\java\com\Ghallab\dev\Test_Scanner_backend\scan\domain\service\ScanServiceImpl.java:8: error: package com.Ghallab.dev.Test_Scanner_backend.result.domain.entity does not exist
import com.Ghallab.dev.Test_Scanner_backend.result.domain.entity.TestResult;
                                                                ^
C:\Users\abdullah\Desktop\Test_Sanner\Test_Scanner_backend\src\main\java\com\Ghallab\dev\Test_Scanner_backend\scan\domain\service\ScanServiceImpl.java:9: error: package com.Ghallab.dev.Test_Scanner_backend.result.domain.repository does not exist
import com.Ghallab.dev.Test_Scanner_backend.result.domain.repository.StudentAnswerRepository;
                                                                    ^
C:\Users\abdullah\Desktop\Test_Sanner\Test_Scanner_backend\src\main\java\com\Ghallab\dev\Test_Scanner_backend\scan\domain\service\ScanServiceImpl.java:10: error: package com.Ghallab.dev.Test_Scanner_backend.result.domain.repository does not exist
import com.Ghallab.dev.Test_Scanner_backend.result.domain.repository.TestResultRepository;
                                                                    ^
C:\Users\abdullah\Desktop\Test_Sanner\Test_Scanner_backend\src\main\java\com\Ghallab\dev\Test_Scanner_backend\scan\domain\service\ScanServiceImpl.java:11: error: package com.Ghallab.dev.Test_Scanner_backend.result.domain.service does not exist
import com.Ghallab.dev.Test_Scanner_backend.result.domain.service.ScannedBlankResultService;
                                                                 ^
C:\Users\abdullah\Desktop\Test_Sanner\Test_Scanner_backend\src\main\java\com\Ghallab\dev\Test_Scanner_backend\scan\domain\service\ScanServiceImpl.java:12: error: package com.Ghallab.dev.Test_Scanner_backend.scan.domain.entity does not exist
import com.Ghallab.dev.Test_Scanner_backend.scan.domain.entity.ScannedBlank;
                                                              ^
C:\Users\abdullah\Desktop\Test_Sanner\Test_Scanner_backend\src\main\java\com\Ghallab\dev\Test_Scanner_backend\scan\domain\service\ScanServiceImpl.java:13: error: package com.Ghallab.dev.Test_Scanner_backend.scan.domain.entity does not exist
import com.Ghallab.dev.Test_Scanner_backend.scan.domain.entity.ScanSession;
                                                              ^
C:\Users\abdullah\Desktop\Test_Sanner\Test_Scanner_backend\src\main\java\com\Ghallab\dev\Test_Scanner_backend\scan\domain\service\ScanServiceImpl.java:14: error: package com.Ghallab.dev.Test_Scanner_backend.scan.domain.repository does not exist
import com.Ghallab.dev.Test_Scanner_backend.scan.domain.repository.ScannedBlankRepository;
                                                                  ^

FAILURE: Build failed with an exception.

* What went wrong:
Execution failed for task ':compileJava'.
> java.nio.file.AccessDeniedException: C:\Users\abdullah\Desktop\Test_Sanner\.gradle-local\caches\modules-2\files-2.1\com.fasterxml.jackson.core\jackson-annotations\2.20\6a5e7291ea3f2b590a7ce400adb7b3aea4d7e12c\jackson-annotations-2.20.jar

* Try:
> Run with --stacktrace option to get the stack trace.
> Run with --info or --debug option to get more log output.
> Run with --scan to generate a Build Scan (powered by Develocity).
> Get more help at https://help.gradle.org.

BUILD FAILED in 1m 20s
1 actionable task: 1 executed
2026-05-12T15:27:24.692+0300 [DEBUG] [org.gradle.launcher.daemon.server.exec.ExecuteBuild] The daemon has finished executing the build.
2026-05-12T15:27:24.720+0300 [DEBUG] [org.gradle.launcher.daemon.server.DaemonStateCoordinator] daemon is running. Sleeping until state changes.
2026-05-12T15:27:24.721+0300 [DEBUG] [org.gradle.launcher.daemon.server.DaemonStateCoordinator] Command execution: finished waiting for DaemonCommandExecution[command = Build{id=5e656378-0866-4fd8-86fc-966126306f9c, currentDir=C:\Users\abdullah\Desktop\Test_Sanner\Test_Scanner_backend}, connection = DefaultDaemonConnection: socket connection from /127.0.0.1:63428 to /127.0.0.1:63429]. Result org.gradle.launcher.daemon.server.DaemonStateCoordinator@18d422c9 with state Busy
2026-05-12T15:27:24.721+0300 [DEBUG] [org.gradle.launcher.daemon.server.DaemonStateCoordinator] Command execution: completed DaemonCommandExecution[command = Build{id=5e656378-0866-4fd8-86fc-966126306f9c, currentDir=C:\Users\abdullah\Desktop\Test_Sanner\Test_Scanner_backend}, connection = DefaultDaemonConnection: socket connection from /127.0.0.1:63428 to /127.0.0.1:63429]
2026-05-12T15:27:24.721+0300 [DEBUG] [org.gradle.launcher.daemon.server.DaemonStateCoordinator] resetting idle timer
2026-05-12T15:27:24.722+0300 [INFO] [org.gradle.launcher.daemon.server.DaemonRegistryUpdater] Marking the daemon as idle, address: [59fa195b-1605-4789-8086-c10d50ba3b73 port:63428, addresses:[localhost/127.0.0.1]]
2026-05-12T15:27:24.722+0300 [DEBUG] [org.gradle.launcher.daemon.registry.PersistentDaemonRegistry] Marking busy by address: [59fa195b-1605-4789-8086-c10d50ba3b73 port:63428, addresses:[localhost/127.0.0.1]]
2026-05-12T15:27:24.724+0300 [DEBUG] [org.gradle.cache.internal.DefaultFileLockManager] Waiting to acquire exclusive lock on daemon addresses registry.
2026-05-12T15:27:24.725+0300 [DEBUG] [org.gradle.cache.internal.DefaultFileLockManager] Lock acquired on daemon addresses registry.
2026-05-12T15:27:24.727+0300 [DEBUG] [org.gradle.cache.internal.DefaultFileLockManager] Releasing lock on daemon addresses registry.
2026-05-12T15:27:24.728+0300 [DEBUG] [org.gradle.launcher.daemon.server.DaemonStateCoordinator] daemon is running. Sleeping until state changes.
2026-05-12T15:27:24.728+0300 [DEBUG] [org.gradle.launcher.daemon.server.exec.ReturnResult] Daemon is dispatching the build result: Success[value=org.gradle.launcher.exec.BuildActionResult@7c71ca2b]
2026-05-12T15:27:24.728+0300 [DEBUG] [org.gradle.launcher.daemon.server.SynchronizedDispatchConnection] thread 67: dispatching Success[value=org.gradle.launcher.exec.BuildActionResult@7c71ca2b]
2026-05-12T15:27:24.752+0300 [DEBUG] [org.gradle.launcher.daemon.server.DefaultIncomingConnectionHandler] Finishing executing command: Build{id=5e656378-0866-4fd8-86fc-966126306f9c, currentDir=C:\Users\abdullah\Desktop\Test_Sanner\Test_Scanner_backend}
2026-05-12T15:27:24.753+0300 [DEBUG] [org.gradle.launcher.daemon.server.exec.CleanUpVirtualFileSystemAfterBuild] Cleaning virtual file system after build finished
2026-05-12T15:27:24.845+0300 [DEBUG] [org.gradle.launcher.daemon.server.SynchronizedDispatchConnection] thread 68: received class org.gradle.launcher.daemon.protocol.CloseInput
2026-05-12T15:27:24.846+0300 [DEBUG] [org.gradle.launcher.daemon.server.DefaultDaemonConnection] thread 68: Received IO message from client: org.gradle.launcher.daemon.protocol.CloseInput@6f9540a7
2026-05-12T15:27:24.846+0300 [DEBUG] [org.gradle.launcher.daemon.server.SynchronizedDispatchConnection] thread 68: received class org.gradle.launcher.daemon.protocol.Finished
2026-05-12T15:27:24.846+0300 [DEBUG] [org.gradle.launcher.daemon.server.DefaultDaemonConnection] thread 68: Received non-IO message from client: org.gradle.launcher.daemon.protocol.Finished@6450185e
2026-05-12T15:27:24.847+0300 [DEBUG] [org.gradle.launcher.daemon.server.DefaultIncomingConnectionHandler] Received finished message: org.gradle.launcher.daemon.protocol.Finished@6450185e
2026-05-12T15:27:24.848+0300 [DEBUG] [org.gradle.launcher.daemon.server.SynchronizedDispatchConnection] thread 67: stopping connection
2026-05-12T15:27:24.848+0300 [DEBUG] [org.gradle.internal.remote.internal.inet.SocketConnection] Discarding EOFException: java.io.EOFException
2026-05-12T15:27:24.848+0300 [DEBUG] [org.gradle.launcher.daemon.server.SynchronizedDispatchConnection] thread 68: received null
2026-05-12T15:27:24.849+0300 [DEBUG] [org.gradle.launcher.daemon.server.DefaultDaemonConnection] thread 68: Received end-of-input from client.
2026-05-12T15:27:24.850+0300 [DEBUG] [org.gradle.launcher.daemon.server.SynchronizedDispatchConnection] thread 67: stopping connection
