2026-05-12T16:03:25.719+0300 [DEBUG] [org.gradle.launcher.daemon.bootstrap.DaemonMain] Assuming the daemon was started with following jvm opts: [-XX:MaxMetaspaceSize=384m, -XX:+HeapDumpOnOutOfMemoryError, -Xms256m, -Xmx512m, -Dfile.encoding=UTF-8, -Duser.country=RU, -Duser.language=ru, -Duser.variant]
2026-05-12T16:03:26.038+0300 [DEBUG] [org.gradle.internal.remote.internal.inet.InetAddresses] Adding IP addresses for network interface TAP-Windows Adapter V9-WFP Native MAC Layer LightWeight Filter-0000
2026-05-12T16:03:26.039+0300 [DEBUG] [org.gradle.internal.remote.internal.inet.InetAddresses] Is this a loopback interface? false
2026-05-12T16:03:26.040+0300 [DEBUG] [org.gradle.internal.remote.internal.inet.InetAddresses] Adding IP addresses for network interface TAP-Windows Adapter V9-Intel(R) Technology Access Filter Driver-0000
2026-05-12T16:03:26.041+0300 [DEBUG] [org.gradle.internal.remote.internal.inet.InetAddresses] Is this a loopback interface? false
2026-05-12T16:03:26.042+0300 [DEBUG] [org.gradle.internal.remote.internal.inet.InetAddresses] Adding IP addresses for network interface TAP-Windows Adapter V9-VirtualBox NDIS Light-Weight Filter-0000
2026-05-12T16:03:26.043+0300 [DEBUG] [org.gradle.internal.remote.internal.inet.InetAddresses] Is this a loopback interface? false
2026-05-12T16:03:26.044+0300 [DEBUG] [org.gradle.internal.remote.internal.inet.InetAddresses] Adding IP addresses for network interface TAP-Windows Adapter V9-QoS Packet Scheduler-0000
2026-05-12T16:03:26.044+0300 [DEBUG] [org.gradle.internal.remote.internal.inet.InetAddresses] Is this a loopback interface? false
2026-05-12T16:03:26.045+0300 [DEBUG] [org.gradle.internal.remote.internal.inet.InetAddresses] Adding IP addresses for network interface TAP-Windows Adapter V9-WFP 802.3 MAC Layer LightWeight Filter-0000
2026-05-12T16:03:26.045+0300 [DEBUG] [org.gradle.internal.remote.internal.inet.InetAddresses] Is this a loopback interface? false
2026-05-12T16:03:26.046+0300 [DEBUG] [org.gradle.internal.remote.internal.inet.InetAddresses] Adding IP addresses for network interface VirtualBox Host-Only Ethernet Adapter #2-WFP Native MAC Layer LightWeight Filter-0000
2026-05-12T16:03:26.046+0300 [DEBUG] [org.gradle.internal.remote.internal.inet.InetAddresses] Is this a loopback interface? false
2026-05-12T16:03:26.046+0300 [DEBUG] [org.gradle.internal.remote.internal.inet.InetAddresses] Adding IP addresses for network interface VirtualBox Host-Only Ethernet Adapter #2-Intel(R) Technology Access Filter Driver-0000
2026-05-12T16:03:26.047+0300 [DEBUG] [org.gradle.internal.remote.internal.inet.InetAddresses] Is this a loopback interface? false
2026-05-12T16:03:26.047+0300 [DEBUG] [org.gradle.internal.remote.internal.inet.InetAddresses] Adding IP addresses for network interface VirtualBox Host-Only Ethernet Adapter #2-QoS Packet Scheduler-0000
2026-05-12T16:03:26.048+0300 [DEBUG] [org.gradle.internal.remote.internal.inet.InetAddresses] Is this a loopback interface? false
2026-05-12T16:03:26.048+0300 [DEBUG] [org.gradle.internal.remote.internal.inet.InetAddresses] Adding IP addresses for network interface VirtualBox Host-Only Ethernet Adapter #2-WFP 802.3 MAC Layer LightWeight Filter-0000
2026-05-12T16:03:26.049+0300 [DEBUG] [org.gradle.internal.remote.internal.inet.InetAddresses] Is this a loopback interface? false
2026-05-12T16:03:26.049+0300 [DEBUG] [org.gradle.internal.remote.internal.inet.InetAddresses] Adding IP addresses for network interface WAN Miniport (IP)-WFP Native MAC Layer LightWeight Filter-0000
2026-05-12T16:03:26.050+0300 [DEBUG] [org.gradle.internal.remote.internal.inet.InetAddresses] Is this a loopback interface? false
2026-05-12T16:03:26.050+0300 [DEBUG] [org.gradle.internal.remote.internal.inet.InetAddresses] Adding IP addresses for network interface Hyper-V Virtual Switch Extension Adapter-Hyper-V Virtual Switch Extension Filter-0000
2026-05-12T16:03:26.050+0300 [DEBUG] [org.gradle.internal.remote.internal.inet.InetAddresses] Is this a loopback interface? false
2026-05-12T16:03:26.051+0300 [DEBUG] [org.gradle.internal.remote.internal.inet.InetAddresses] Adding IP addresses for network interface Hyper-V Virtual Ethernet Adapter-WFP Native MAC Layer LightWeight Filter-0000
2026-05-12T16:03:26.051+0300 [DEBUG] [org.gradle.internal.remote.internal.inet.InetAddresses] Is this a loopback interface? false
2026-05-12T16:03:26.051+0300 [DEBUG] [org.gradle.internal.remote.internal.inet.InetAddresses] Adding IP addresses for network interface Hyper-V Virtual Ethernet Adapter-Intel(R) Technology Access Filter Driver-0000
2026-05-12T16:03:26.052+0300 [DEBUG] [org.gradle.internal.remote.internal.inet.InetAddresses] Is this a loopback interface? false
2026-05-12T16:03:26.052+0300 [DEBUG] [org.gradle.internal.remote.internal.inet.InetAddresses] Adding IP addresses for network interface Hyper-V Virtual Ethernet Adapter-VirtualBox NDIS Light-Weight Filter-0000
2026-05-12T16:03:26.053+0300 [DEBUG] [org.gradle.internal.remote.internal.inet.InetAddresses] Is this a loopback interface? false
2026-05-12T16:03:26.053+0300 [DEBUG] [org.gradle.internal.remote.internal.inet.InetAddresses] Adding IP addresses for network interface Hyper-V Virtual Ethernet Adapter-QoS Packet Scheduler-0000
2026-05-12T16:03:26.053+0300 [DEBUG] [org.gradle.internal.remote.internal.inet.InetAddresses] Is this a loopback interface? false
2026-05-12T16:03:26.054+0300 [DEBUG] [org.gradle.internal.remote.internal.inet.InetAddresses] Adding IP addresses for network interface WAN Miniport (IP)-Intel(R) Technology Access Filter Driver-0000
2026-05-12T16:03:26.054+0300 [DEBUG] [org.gradle.internal.remote.internal.inet.InetAddresses] Is this a loopback interface? false
2026-05-12T16:03:26.054+0300 [DEBUG] [org.gradle.internal.remote.internal.inet.InetAddresses] Adding IP addresses for network interface WAN Miniport (IP)-QoS Packet Scheduler-0000
2026-05-12T16:03:26.055+0300 [DEBUG] [org.gradle.internal.remote.internal.inet.InetAddresses] Is this a loopback interface? false
2026-05-12T16:03:26.055+0300 [DEBUG] [org.gradle.internal.remote.internal.inet.InetAddresses] Adding IP addresses for network interface WAN Miniport (IPv6)-WFP Native MAC Layer LightWeight Filter-0000
2026-05-12T16:03:26.056+0300 [DEBUG] [org.gradle.internal.remote.internal.inet.InetAddresses] Is this a loopback interface? false
2026-05-12T16:03:26.056+0300 [DEBUG] [org.gradle.internal.remote.internal.inet.InetAddresses] Adding IP addresses for network interface WAN Miniport (IPv6)-Intel(R) Technology Access Filter Driver-0000
2026-05-12T16:03:26.057+0300 [DEBUG] [org.gradle.internal.remote.internal.inet.InetAddresses] Is this a loopback interface? false
2026-05-12T16:03:26.057+0300 [DEBUG] [org.gradle.internal.remote.internal.inet.InetAddresses] Adding IP addresses for network interface WAN Miniport (IPv6)-QoS Packet Scheduler-0000
2026-05-12T16:03:26.058+0300 [DEBUG] [org.gradle.internal.remote.internal.inet.InetAddresses] Is this a loopback interface? false
2026-05-12T16:03:26.058+0300 [DEBUG] [org.gradle.internal.remote.internal.inet.InetAddresses] Adding IP addresses for network interface WAN Miniport (Network Monitor)-WFP Native MAC Layer LightWeight Filter-0000
2026-05-12T16:03:26.058+0300 [DEBUG] [org.gradle.internal.remote.internal.inet.InetAddresses] Is this a loopback interface? false
2026-05-12T16:03:26.060+0300 [DEBUG] [org.gradle.internal.remote.internal.inet.InetAddresses] Adding IP addresses for network interface WAN Miniport (Network Monitor)-Intel(R) Technology Access Filter Driver-0000
2026-05-12T16:03:26.060+0300 [DEBUG] [org.gradle.internal.remote.internal.inet.InetAddresses] Is this a loopback interface? false
2026-05-12T16:03:26.061+0300 [DEBUG] [org.gradle.internal.remote.internal.inet.InetAddresses] Adding IP addresses for network interface WAN Miniport (Network Monitor)-QoS Packet Scheduler-0000
2026-05-12T16:03:26.061+0300 [DEBUG] [org.gradle.internal.remote.internal.inet.InetAddresses] Is this a loopback interface? false
2026-05-12T16:03:26.062+0300 [DEBUG] [org.gradle.internal.remote.internal.inet.InetAddresses] Adding IP addresses for network interface Hyper-V Virtual Ethernet Adapter-WFP 802.3 MAC Layer LightWeight Filter-0000
2026-05-12T16:03:26.062+0300 [DEBUG] [org.gradle.internal.remote.internal.inet.InetAddresses] Is this a loopback interface? false
2026-05-12T16:03:26.063+0300 [DEBUG] [org.gradle.internal.remote.internal.inet.InetAddresses] Adding IP addresses for network interface Microsoft Kernel Debug Network Adapter
2026-05-12T16:03:26.063+0300 [DEBUG] [org.gradle.internal.remote.internal.inet.InetAddresses] Is this a loopback interface? false
2026-05-12T16:03:26.063+0300 [DEBUG] [org.gradle.internal.remote.internal.inet.InetAddresses] Adding IP addresses for network interface ASIX AX88772B USB2.0 to Fast Ethernet Adapter
2026-05-12T16:03:26.064+0300 [DEBUG] [org.gradle.internal.remote.internal.inet.InetAddresses] Is this a loopback interface? false
2026-05-12T16:03:26.064+0300 [DEBUG] [org.gradle.internal.remote.internal.inet.InetAddresses] Adding IP addresses for network interface WAN Miniport (IP)
2026-05-12T16:03:26.064+0300 [DEBUG] [org.gradle.internal.remote.internal.inet.InetAddresses] Is this a loopback interface? false
2026-05-12T16:03:26.064+0300 [DEBUG] [org.gradle.internal.remote.internal.inet.InetAddresses] Adding IP addresses for network interface WAN Miniport (IPv6)
2026-05-12T16:03:26.065+0300 [DEBUG] [org.gradle.internal.remote.internal.inet.InetAddresses] Is this a loopback interface? false
2026-05-12T16:03:26.065+0300 [DEBUG] [org.gradle.internal.remote.internal.inet.InetAddresses] Adding IP addresses for network interface WAN Miniport (Network Monitor)
2026-05-12T16:03:26.065+0300 [DEBUG] [org.gradle.internal.remote.internal.inet.InetAddresses] Is this a loopback interface? false
2026-05-12T16:03:26.065+0300 [DEBUG] [org.gradle.internal.remote.internal.inet.InetAddresses] Adding IP addresses for network interface VirtualBox Host-Only Ethernet Adapter #2
2026-05-12T16:03:26.066+0300 [DEBUG] [org.gradle.internal.remote.internal.inet.InetAddresses] Is this a loopback interface? false
2026-05-12T16:03:26.066+0300 [DEBUG] [org.gradle.internal.remote.internal.inet.InetAddresses] Adding remote address /fe80:0:0:0:e234:f6fd:b356:4a3c%ethernet_32773
2026-05-12T16:03:26.067+0300 [DEBUG] [org.gradle.internal.remote.internal.inet.InetAddresses] Adding remote address /192.168.56.1
2026-05-12T16:03:26.067+0300 [DEBUG] [org.gradle.internal.remote.internal.inet.InetAddresses] Adding IP addresses for network interface VirtualBox Host-Only Ethernet Adapter
2026-05-12T16:03:26.068+0300 [DEBUG] [org.gradle.internal.remote.internal.inet.InetAddresses] Is this a loopback interface? false
2026-05-12T16:03:26.068+0300 [DEBUG] [org.gradle.internal.remote.internal.inet.InetAddresses] Adding IP addresses for network interface TAP-Windows Adapter V9
2026-05-12T16:03:26.069+0300 [DEBUG] [org.gradle.internal.remote.internal.inet.InetAddresses] Is this a loopback interface? false
2026-05-12T16:03:26.069+0300 [DEBUG] [org.gradle.internal.remote.internal.inet.InetAddresses] Adding remote address /fe80:0:0:0:786b:e61c:c19c:b7ea%ethernet_32775
2026-05-12T16:03:26.070+0300 [DEBUG] [org.gradle.internal.remote.internal.inet.InetAddresses] Adding IP addresses for network interface VMware Virtual Ethernet Adapter for VMnet1
2026-05-12T16:03:26.070+0300 [DEBUG] [org.gradle.internal.remote.internal.inet.InetAddresses] Is this a loopback interface? false
2026-05-12T16:03:26.070+0300 [DEBUG] [org.gradle.internal.remote.internal.inet.InetAddresses] Adding remote address /fe80:0:0:0:6100:3a27:d5e3:8ccb%ethernet_32776
2026-05-12T16:03:26.070+0300 [DEBUG] [org.gradle.internal.remote.internal.inet.InetAddresses] Adding remote address /192.168.95.1
2026-05-12T16:03:26.071+0300 [DEBUG] [org.gradle.internal.remote.internal.inet.InetAddresses] Adding IP addresses for network interface VMware Virtual Ethernet Adapter for VMnet8
2026-05-12T16:03:26.071+0300 [DEBUG] [org.gradle.internal.remote.internal.inet.InetAddresses] Is this a loopback interface? false
2026-05-12T16:03:26.071+0300 [DEBUG] [org.gradle.internal.remote.internal.inet.InetAddresses] Adding remote address /fe80:0:0:0:62bd:3137:7206:c3ed%ethernet_32777
2026-05-12T16:03:26.072+0300 [DEBUG] [org.gradle.internal.remote.internal.inet.InetAddresses] Adding remote address /192.168.197.1
2026-05-12T16:03:26.072+0300 [DEBUG] [org.gradle.internal.remote.internal.inet.InetAddresses] Adding IP addresses for network interface Hyper-V Virtual Switch Extension Adapter
2026-05-12T16:03:26.072+0300 [DEBUG] [org.gradle.internal.remote.internal.inet.InetAddresses] Is this a loopback interface? false
2026-05-12T16:03:26.073+0300 [DEBUG] [org.gradle.internal.remote.internal.inet.InetAddresses] Adding IP addresses for network interface Hyper-V Virtual Ethernet Adapter
2026-05-12T16:03:26.073+0300 [DEBUG] [org.gradle.internal.remote.internal.inet.InetAddresses] Is this a loopback interface? false
2026-05-12T16:03:26.074+0300 [DEBUG] [org.gradle.internal.remote.internal.inet.InetAddresses] Adding remote address /fe80:0:0:0:a767:7ce3:b70d:45bc%ethernet_32779
2026-05-12T16:03:26.074+0300 [DEBUG] [org.gradle.internal.remote.internal.inet.InetAddresses] Adding remote address /172.21.64.1
2026-05-12T16:03:26.074+0300 [DEBUG] [org.gradle.internal.remote.internal.inet.InetAddresses] Adding IP addresses for network interface WAN Miniport (PPPOE)
2026-05-12T16:03:26.075+0300 [DEBUG] [org.gradle.internal.remote.internal.inet.InetAddresses] Is this a loopback interface? false
2026-05-12T16:03:26.075+0300 [DEBUG] [org.gradle.internal.remote.internal.inet.InetAddresses] Adding IP addresses for network interface Software Loopback Interface 1
2026-05-12T16:03:26.076+0300 [DEBUG] [org.gradle.internal.remote.internal.inet.InetAddresses] Is this a loopback interface? true
2026-05-12T16:03:26.078+0300 [DEBUG] [org.gradle.internal.remote.internal.inet.InetAddresses] Adding loopback address /0:0:0:0:0:0:0:1
2026-05-12T16:03:26.078+0300 [DEBUG] [org.gradle.internal.remote.internal.inet.InetAddresses] Adding loopback address /127.0.0.1
2026-05-12T16:03:26.079+0300 [DEBUG] [org.gradle.internal.remote.internal.inet.InetAddresses] Adding IP addresses for network interface Meta Tunnel
2026-05-12T16:03:26.079+0300 [DEBUG] [org.gradle.internal.remote.internal.inet.InetAddresses] Is this a loopback interface? false
2026-05-12T16:03:26.080+0300 [DEBUG] [org.gradle.internal.remote.internal.inet.InetAddresses] Adding remote address /fe80:0:0:0:ccea:6fb9:276a:470a%iftype53_32768
2026-05-12T16:03:26.080+0300 [DEBUG] [org.gradle.internal.remote.internal.inet.InetAddresses] Adding remote address /198.18.0.1
2026-05-12T16:03:26.080+0300 [DEBUG] [org.gradle.internal.remote.internal.inet.InetAddresses] Adding IP addresses for network interface Intel(R) Dual Band Wireless-AC 8265-WFP Native MAC Layer LightWeight Filter-0000
2026-05-12T16:03:26.081+0300 [DEBUG] [org.gradle.internal.remote.internal.inet.InetAddresses] Is this a loopback interface? false
2026-05-12T16:03:26.081+0300 [DEBUG] [org.gradle.internal.remote.internal.inet.InetAddresses] Adding IP addresses for network interface Intel(R) Dual Band Wireless-AC 8265-Virtual WiFi Filter Driver-0000
2026-05-12T16:03:26.082+0300 [DEBUG] [org.gradle.internal.remote.internal.inet.InetAddresses] Is this a loopback interface? false
2026-05-12T16:03:26.082+0300 [DEBUG] [org.gradle.internal.remote.internal.inet.InetAddresses] Adding IP addresses for network interface Intel(R) Dual Band Wireless-AC 8265-Native WiFi Filter Driver-0000
2026-05-12T16:03:26.082+0300 [DEBUG] [org.gradle.internal.remote.internal.inet.InetAddresses] Is this a loopback interface? false
2026-05-12T16:03:26.083+0300 [DEBUG] [org.gradle.internal.remote.internal.inet.InetAddresses] Adding IP addresses for network interface Intel(R) Dual Band Wireless-AC 8265-Intel(R) Technology Access Filter Driver-0000
2026-05-12T16:03:26.083+0300 [DEBUG] [org.gradle.internal.remote.internal.inet.InetAddresses] Is this a loopback interface? false
2026-05-12T16:03:26.083+0300 [DEBUG] [org.gradle.internal.remote.internal.inet.InetAddresses] Adding IP addresses for network interface Intel(R) Dual Band Wireless-AC 8265-VirtualBox NDIS Light-Weight Filter-0000
2026-05-12T16:03:26.084+0300 [DEBUG] [org.gradle.internal.remote.internal.inet.InetAddresses] Is this a loopback interface? false
2026-05-12T16:03:26.084+0300 [DEBUG] [org.gradle.internal.remote.internal.inet.InetAddresses] Adding IP addresses for network interface Intel(R) Dual Band Wireless-AC 8265-QoS Packet Scheduler-0000
2026-05-12T16:03:26.084+0300 [DEBUG] [org.gradle.internal.remote.internal.inet.InetAddresses] Is this a loopback interface? false
2026-05-12T16:03:26.085+0300 [DEBUG] [org.gradle.internal.remote.internal.inet.InetAddresses] Adding IP addresses for network interface Intel(R) Dual Band Wireless-AC 8265-WFP 802.3 MAC Layer LightWeight Filter-0000
2026-05-12T16:03:26.085+0300 [DEBUG] [org.gradle.internal.remote.internal.inet.InetAddresses] Is this a loopback interface? false
2026-05-12T16:03:26.085+0300 [DEBUG] [org.gradle.internal.remote.internal.inet.InetAddresses] Adding IP addresses for network interface Microsoft Wi-Fi Direct Virtual Adapter-WFP Native MAC Layer LightWeight Filter-0000
2026-05-12T16:03:26.086+0300 [DEBUG] [org.gradle.internal.remote.internal.inet.InetAddresses] Is this a loopback interface? false
2026-05-12T16:03:26.086+0300 [DEBUG] [org.gradle.internal.remote.internal.inet.InetAddresses] Adding IP addresses for network interface Microsoft Wi-Fi Direct Virtual Adapter-Native WiFi Filter Driver-0000
2026-05-12T16:03:26.086+0300 [DEBUG] [org.gradle.internal.remote.internal.inet.InetAddresses] Is this a loopback interface? false
2026-05-12T16:03:26.086+0300 [DEBUG] [org.gradle.internal.remote.internal.inet.InetAddresses] Adding IP addresses for network interface Microsoft Wi-Fi Direct Virtual Adapter-Intel(R) Technology Access Filter Driver-0000
2026-05-12T16:03:26.087+0300 [DEBUG] [org.gradle.internal.remote.internal.inet.InetAddresses] Is this a loopback interface? false
2026-05-12T16:03:26.087+0300 [DEBUG] [org.gradle.internal.remote.internal.inet.InetAddresses] Adding IP addresses for network interface Microsoft Wi-Fi Direct Virtual Adapter-VirtualBox NDIS Light-Weight Filter-0000
2026-05-12T16:03:26.087+0300 [DEBUG] [org.gradle.internal.remote.internal.inet.InetAddresses] Is this a loopback interface? false
2026-05-12T16:03:26.087+0300 [DEBUG] [org.gradle.internal.remote.internal.inet.InetAddresses] Adding IP addresses for network interface Microsoft Wi-Fi Direct Virtual Adapter-QoS Packet Scheduler-0000
2026-05-12T16:03:26.087+0300 [DEBUG] [org.gradle.internal.remote.internal.inet.InetAddresses] Is this a loopback interface? false
2026-05-12T16:03:26.088+0300 [DEBUG] [org.gradle.internal.remote.internal.inet.InetAddresses] Adding IP addresses for network interface Microsoft Wi-Fi Direct Virtual Adapter-WFP 802.3 MAC Layer LightWeight Filter-0000
2026-05-12T16:03:26.088+0300 [DEBUG] [org.gradle.internal.remote.internal.inet.InetAddresses] Is this a loopback interface? false
2026-05-12T16:03:26.088+0300 [DEBUG] [org.gradle.internal.remote.internal.inet.InetAddresses] Adding IP addresses for network interface Microsoft Wi-Fi Direct Virtual Adapter #2-WFP Native MAC Layer LightWeight Filter-0000
2026-05-12T16:03:26.089+0300 [DEBUG] [org.gradle.internal.remote.internal.inet.InetAddresses] Is this a loopback interface? false
2026-05-12T16:03:26.089+0300 [DEBUG] [org.gradle.internal.remote.internal.inet.InetAddresses] Adding IP addresses for network interface Microsoft Wi-Fi Direct Virtual Adapter #2-Native WiFi Filter Driver-0000
2026-05-12T16:03:26.089+0300 [DEBUG] [org.gradle.internal.remote.internal.inet.InetAddresses] Is this a loopback interface? false
2026-05-12T16:03:26.089+0300 [DEBUG] [org.gradle.internal.remote.internal.inet.InetAddresses] Adding IP addresses for network interface Microsoft Wi-Fi Direct Virtual Adapter #2-Intel(R) Technology Access Filter Driver-0000
2026-05-12T16:03:26.090+0300 [DEBUG] [org.gradle.internal.remote.internal.inet.InetAddresses] Is this a loopback interface? false
2026-05-12T16:03:26.090+0300 [DEBUG] [org.gradle.internal.remote.internal.inet.InetAddresses] Adding IP addresses for network interface Microsoft Wi-Fi Direct Virtual Adapter #2-VirtualBox NDIS Light-Weight Filter-0000
2026-05-12T16:03:26.090+0300 [DEBUG] [org.gradle.internal.remote.internal.inet.InetAddresses] Is this a loopback interface? false
2026-05-12T16:03:26.091+0300 [DEBUG] [org.gradle.internal.remote.internal.inet.InetAddresses] Adding IP addresses for network interface Microsoft Wi-Fi Direct Virtual Adapter #2-QoS Packet Scheduler-0000
2026-05-12T16:03:26.092+0300 [DEBUG] [org.gradle.internal.remote.internal.inet.InetAddresses] Is this a loopback interface? false
2026-05-12T16:03:26.093+0300 [DEBUG] [org.gradle.internal.remote.internal.inet.InetAddresses] Adding IP addresses for network interface Microsoft Wi-Fi Direct Virtual Adapter #2-WFP 802.3 MAC Layer LightWeight Filter-0000
2026-05-12T16:03:26.093+0300 [DEBUG] [org.gradle.internal.remote.internal.inet.InetAddresses] Is this a loopback interface? false
2026-05-12T16:03:26.093+0300 [DEBUG] [org.gradle.internal.remote.internal.inet.InetAddresses] Adding IP addresses for network interface Intel(R) Dual Band Wireless-AC 8265
2026-05-12T16:03:26.094+0300 [DEBUG] [org.gradle.internal.remote.internal.inet.InetAddresses] Is this a loopback interface? false
2026-05-12T16:03:26.094+0300 [DEBUG] [org.gradle.internal.remote.internal.inet.InetAddresses] Adding remote address /fe80:0:0:0:5608:48e4:5bd7:df98%wireless_32768
2026-05-12T16:03:26.094+0300 [DEBUG] [org.gradle.internal.remote.internal.inet.InetAddresses] Adding remote address /192.168.0.17
2026-05-12T16:03:26.094+0300 [DEBUG] [org.gradle.internal.remote.internal.inet.InetAddresses] Adding IP addresses for network interface Microsoft Wi-Fi Direct Virtual Adapter
2026-05-12T16:03:26.095+0300 [DEBUG] [org.gradle.internal.remote.internal.inet.InetAddresses] Is this a loopback interface? false
2026-05-12T16:03:26.096+0300 [DEBUG] [org.gradle.internal.remote.internal.inet.InetAddresses] Adding remote address /fe80:0:0:0:a370:aa8f:3bd3:e542%wireless_32769
2026-05-12T16:03:26.097+0300 [DEBUG] [org.gradle.internal.remote.internal.inet.InetAddresses] Adding IP addresses for network interface Microsoft Wi-Fi Direct Virtual Adapter #2
2026-05-12T16:03:26.097+0300 [DEBUG] [org.gradle.internal.remote.internal.inet.InetAddresses] Is this a loopback interface? false
2026-05-12T16:03:26.097+0300 [DEBUG] [org.gradle.internal.remote.internal.inet.InetAddresses] Adding remote address /fe80:0:0:0:254a:9c86:88d9:e607%wireless_32770
2026-05-12T16:03:26.097+0300 [DEBUG] [org.gradle.internal.remote.internal.inet.InetAddresses] Adding IP addresses for network interface Microsoft Teredo Tunneling Adapter
2026-05-12T16:03:26.098+0300 [DEBUG] [org.gradle.internal.remote.internal.inet.InetAddresses] Is this a loopback interface? false
2026-05-12T16:03:26.098+0300 [DEBUG] [org.gradle.internal.remote.internal.inet.InetAddresses] Adding IP addresses for network interface Microsoft IP-HTTPS Platform Adapter
2026-05-12T16:03:26.098+0300 [DEBUG] [org.gradle.internal.remote.internal.inet.InetAddresses] Is this a loopback interface? false
2026-05-12T16:03:26.098+0300 [DEBUG] [org.gradle.internal.remote.internal.inet.InetAddresses] Adding IP addresses for network interface Microsoft 6to4 Adapter
2026-05-12T16:03:26.099+0300 [DEBUG] [org.gradle.internal.remote.internal.inet.InetAddresses] Is this a loopback interface? false
2026-05-12T16:03:26.099+0300 [DEBUG] [org.gradle.internal.remote.internal.inet.InetAddresses] Adding IP addresses for network interface WAN Miniport (SSTP)
2026-05-12T16:03:26.099+0300 [DEBUG] [org.gradle.internal.remote.internal.inet.InetAddresses] Is this a loopback interface? false
2026-05-12T16:03:26.099+0300 [DEBUG] [org.gradle.internal.remote.internal.inet.InetAddresses] Adding IP addresses for network interface WAN Miniport (IKEv2)
2026-05-12T16:03:26.099+0300 [DEBUG] [org.gradle.internal.remote.internal.inet.InetAddresses] Is this a loopback interface? false
2026-05-12T16:03:26.100+0300 [DEBUG] [org.gradle.internal.remote.internal.inet.InetAddresses] Adding IP addresses for network interface WAN Miniport (L2TP)
2026-05-12T16:03:26.100+0300 [DEBUG] [org.gradle.internal.remote.internal.inet.InetAddresses] Is this a loopback interface? false
2026-05-12T16:03:26.100+0300 [DEBUG] [org.gradle.internal.remote.internal.inet.InetAddresses] Adding IP addresses for network interface WAN Miniport (PPTP)
2026-05-12T16:03:26.100+0300 [DEBUG] [org.gradle.internal.remote.internal.inet.InetAddresses] Is this a loopback interface? false
2026-05-12T16:03:26.142+0300 [DEBUG] [org.gradle.internal.nativeintegration.services.NativeServices] Native-platform posix files integration is not available. Continuing with fallback.
2026-05-12T16:03:26.210+0300 [INFO] [org.gradle.launcher.daemon.server.Daemon] start() called on daemon - DefaultDaemonContext[uid=366a1f37-b7fc-47b8-9e4d-0c7455d20820,javaHome=C:\Program Files\Java\jdk-24.0.2,javaVersion=24,javaVendor=Oracle Corporation,daemonRegistryDir=C:\Users\abdullah\Desktop\Test_Sanner\.gradle-local\daemon,pid=19484,idleTimeout=10800000,priority=NORMAL,applyInstrumentationAgent=true,nativeServicesMode=ENABLED,daemonOpts=-XX:MaxMetaspaceSize=384m,-XX:+HeapDumpOnOutOfMemoryError,-Xms256m,-Xmx512m,-Dfile.encoding=UTF-8,-Duser.country=RU,-Duser.language=ru,-Duser.variant]
2026-05-12T16:03:34.578+0300 [DEBUG] [org.gradle.internal.remote.internal.inet.TcpIncomingConnector] Listening on [568937fa-53a9-4ec6-b9f8-7456e06c8471 port:50273, addresses:[localhost/127.0.0.1]].
2026-05-12T16:03:34.588+0300 [DEBUG] [org.gradle.launcher.daemon.server.Daemon] Daemon starting at: Tue May 12 16:03:34 MSK 2026, with address: [568937fa-53a9-4ec6-b9f8-7456e06c8471 port:50273, addresses:[localhost/127.0.0.1]]
2026-05-12T16:03:34.589+0300 [INFO] [org.gradle.launcher.daemon.server.DaemonRegistryUpdater] Advertising the daemon address to the clients: [568937fa-53a9-4ec6-b9f8-7456e06c8471 port:50273, addresses:[localhost/127.0.0.1]]
2026-05-12T16:03:34.589+0300 [DEBUG] [org.gradle.launcher.daemon.server.DaemonRegistryUpdater] Advertised daemon context: DefaultDaemonContext[uid=366a1f37-b7fc-47b8-9e4d-0c7455d20820,javaHome=C:\Program Files\Java\jdk-24.0.2,javaVersion=24,javaVendor=Oracle Corporation,daemonRegistryDir=C:\Users\abdullah\Desktop\Test_Sanner\.gradle-local\daemon,pid=19484,idleTimeout=10800000,priority=NORMAL,applyInstrumentationAgent=true,nativeServicesMode=ENABLED,daemonOpts=-XX:MaxMetaspaceSize=384m,-XX:+HeapDumpOnOutOfMemoryError,-Xms256m,-Xmx512m,-Dfile.encoding=UTF-8,-Duser.country=RU,-Duser.language=ru,-Duser.variant]
2026-05-12T16:03:34.591+0300 [DEBUG] [org.gradle.launcher.daemon.registry.PersistentDaemonRegistry] Storing daemon address: [568937fa-53a9-4ec6-b9f8-7456e06c8471 port:50273, addresses:[localhost/127.0.0.1]], context: DefaultDaemonContext[uid=366a1f37-b7fc-47b8-9e4d-0c7455d20820,javaHome=C:\Program Files\Java\jdk-24.0.2,javaVersion=24,javaVendor=Oracle Corporation,daemonRegistryDir=C:\Users\abdullah\Desktop\Test_Sanner\.gradle-local\daemon,pid=19484,idleTimeout=10800000,priority=NORMAL,applyInstrumentationAgent=true,nativeServicesMode=ENABLED,daemonOpts=-XX:MaxMetaspaceSize=384m,-XX:+HeapDumpOnOutOfMemoryError,-Xms256m,-Xmx512m,-Dfile.encoding=UTF-8,-Duser.country=RU,-Duser.language=ru,-Duser.variant]
2026-05-12T16:03:34.614+0300 [DEBUG] [org.gradle.cache.internal.DefaultFileLockManager] Waiting to acquire exclusive lock on daemon addresses registry.
2026-05-12T16:03:34.623+0300 [DEBUG] [org.gradle.cache.internal.DefaultFileLockManager] Lock acquired on daemon addresses registry.
2026-05-12T16:03:34.638+0300 [DEBUG] [org.gradle.cache.internal.DefaultFileLockManager] Releasing lock on daemon addresses registry.
2026-05-12T16:03:34.639+0300 [LIFECYCLE] [org.gradle.launcher.daemon.server.Daemon] Daemon server started.
2026-05-12T16:03:34.644+0300 [DEBUG] [org.gradle.launcher.daemon.bootstrap.DaemonStartupCommunication] Completed writing the daemon greeting. Closing streams...
2026-05-12T16:03:34.665+0300 [DEBUG] [org.gradle.internal.remote.internal.inet.TcpIncomingConnector] Accepted connection from /127.0.0.1:50274 to /127.0.0.1:50273.
2026-05-12T16:03:34.714+0300 [DEBUG] [org.gradle.launcher.daemon.server.Daemon] stopOnExpiration() called on daemon
2026-05-12T16:03:34.716+0300 [DEBUG] [org.gradle.launcher.daemon.server.Daemon] awaitExpiration() called on daemon
2026-05-12T16:03:34.717+0300 [DEBUG] [org.gradle.launcher.daemon.server.DaemonStateCoordinator] daemon is running. Sleeping until state changes.
2026-05-12T16:03:34.901+0300 [DEBUG] [org.gradle.launcher.daemon.server.SynchronizedDispatchConnection] thread 69: received class org.gradle.launcher.daemon.protocol.Build
2026-05-12T16:03:34.901+0300 [DEBUG] [org.gradle.launcher.daemon.server.DefaultDaemonConnection] thread 69: Received non-IO message from client: Build{id=b7c432fa-a50e-49a2-ad5e-cbd80c1f1a6d, currentDir=C:\Users\abdullah\Desktop\Test_Sanner\Test_Scanner_backend}
2026-05-12T16:03:34.902+0300 [INFO] [org.gradle.launcher.daemon.server.DefaultIncomingConnectionHandler] Received command: Build{id=b7c432fa-a50e-49a2-ad5e-cbd80c1f1a6d, currentDir=C:\Users\abdullah\Desktop\Test_Sanner\Test_Scanner_backend}.
2026-05-12T16:03:34.902+0300 [DEBUG] [org.gradle.launcher.daemon.server.DefaultIncomingConnectionHandler] Starting executing command: Build{id=b7c432fa-a50e-49a2-ad5e-cbd80c1f1a6d, currentDir=C:\Users\abdullah\Desktop\Test_Sanner\Test_Scanner_backend} with connection: socket connection from /127.0.0.1:50273 to /127.0.0.1:50274.
2026-05-12T16:03:34.916+0300 [DEBUG] [org.gradle.launcher.daemon.server.DaemonStateCoordinator] Command execution: started DaemonCommandExecution[command = Build{id=b7c432fa-a50e-49a2-ad5e-cbd80c1f1a6d, currentDir=C:\Users\abdullah\Desktop\Test_Sanner\Test_Scanner_backend}, connection = DefaultDaemonConnection: socket connection from /127.0.0.1:50273 to /127.0.0.1:50274] after 0.00575 minutes of idle
2026-05-12T16:03:34.917+0300 [INFO] [org.gradle.launcher.daemon.server.DaemonRegistryUpdater] Marking the daemon as busy, address: [568937fa-53a9-4ec6-b9f8-7456e06c8471 port:50273, addresses:[localhost/127.0.0.1]]
2026-05-12T16:03:34.917+0300 [DEBUG] [org.gradle.launcher.daemon.registry.PersistentDaemonRegistry] Marking busy by address: [568937fa-53a9-4ec6-b9f8-7456e06c8471 port:50273, addresses:[localhost/127.0.0.1]]
2026-05-12T16:03:34.920+0300 [DEBUG] [org.gradle.cache.internal.DefaultFileLockManager] Waiting to acquire exclusive lock on daemon addresses registry.
2026-05-12T16:03:34.921+0300 [DEBUG] [org.gradle.cache.internal.DefaultFileLockManager] Lock acquired on daemon addresses registry.
2026-05-12T16:03:34.926+0300 [DEBUG] [org.gradle.cache.internal.DefaultFileLockManager] Releasing lock on daemon addresses registry.
2026-05-12T16:03:34.927+0300 [DEBUG] [org.gradle.launcher.daemon.server.DaemonStateCoordinator] resetting idle timer
2026-05-12T16:03:34.930+0300 [DEBUG] [org.gradle.launcher.daemon.server.DaemonStateCoordinator] daemon is running. Sleeping until state changes.
2026-05-12T16:03:34.931+0300 [INFO] [org.gradle.launcher.daemon.server.exec.StartBuildOrRespondWithBusy] Daemon is about to start building Build{id=b7c432fa-a50e-49a2-ad5e-cbd80c1f1a6d, currentDir=C:\Users\abdullah\Desktop\Test_Sanner\Test_Scanner_backend}. Dispatching build started information...
2026-05-12T16:03:34.932+0300 [DEBUG] [org.gradle.launcher.daemon.server.SynchronizedDispatchConnection] thread 71: dispatching org.gradle.launcher.daemon.protocol.BuildStarted@136ed20b
2026-05-12T16:03:34.939+0300 [DEBUG] [org.gradle.launcher.daemon.server.exec.EstablishBuildEnvironment] Configuring env variables: [configsetroot, PATH, USERDOMAIN_ROAMINGPROFILE, PROCESSOR_LEVEL, GIT_PAGER, SESSIONNAME, ALLUSERSPROFILE, GIT_CONFIG_COUNT, PROCESSOR_ARCHITECTURE, PSModulePath, VSCODE_PID, SystemDrive, =ExitCode, DIRNAME, USERNAME, GIT_CONFIG_VALUE_0, ProgramFiles(x86), VSCODE_NLS_CONFIG, CHROME_CRASHPAD_PIPE_NAME, CODEX_INTERNAL_ORIGINATOR_OVERRIDE, FPS_BROWSER_USER_PROFILE_STRING, APP_HOME, CODEX_SANDBOX_NETWORK_DISABLED, DEFAULT_JVM_OPTS, PATHEXT, DriverData, VSCODE_CRASH_REPORTER_PROCESS_TYPE, PAGER, VSCODE_CODE_CACHE_PATH, ProgramData, ProgramW6432, HOMEPATH, PROCESSOR_IDENTIFIER, ProgramFiles, PUBLIC, LESS, windir, LOCALAPPDATA, ChocolateyLastPathUpdate, USERDOMAIN, VSCODE_HANDLES_UNCAUGHT_ERRORS, FPS_BROWSER_APP_PROFILE_STRING, LOGONSERVER, PROMPT, RUST_LOG, asl.log, ELECTRON_RUN_AS_NODE, OneDrive, =C:, APPDATA, GRADLE_USER_HOME, JAVA_EXE, ChocolateyInstall, CODEX_THREAD_ID, VBOX_MSI_INSTALL_PATH, CommonProgramFiles, GIT_CONFIG_KEY_0, VSCODE_CWD, OS, COMPUTERNAME, VSCODE_ESM_ENTRYPOINT, PROCESSOR_REVISION, CommonProgramW6432, DEBUG, ComSpec, APP_BASE_NAME, SystemRoot, TEMP, HOMEDRIVE, USERPROFILE, TMP, CommonProgramFiles(x86), NUMBER_OF_PROCESSORS, VSCODE_IPC_HOOK]
2026-05-12T16:03:34.956+0300 [DEBUG] [org.gradle.launcher.daemon.server.exec.LogToClient] About to start relaying all logs to the client via the connection.
2026-05-12T16:03:34.957+0300 [INFO] [org.gradle.launcher.daemon.server.exec.LogToClient] The client will now receive all logging from the daemon (pid: 19484). The daemon log file: C:\Users\abdullah\Desktop\Test_Sanner\.gradle-local\daemon\9.2.1\daemon-19484.out.log
2026-05-12T16:03:34.983+0300 [INFO] [org.gradle.launcher.daemon.server.exec.LogAndCheckHealth] Starting build in new daemon [memory: 512 MiB]
2026-05-12T16:03:34.999+0300 [DEBUG] [org.gradle.launcher.daemon.server.exec.ExecuteBuild] The daemon has started executing the build.
2026-05-12T16:03:34.999+0300 [DEBUG] [org.gradle.launcher.daemon.server.exec.ExecuteBuild] Executing build with daemon context: DefaultDaemonContext[uid=366a1f37-b7fc-47b8-9e4d-0c7455d20820,javaHome=C:\Program Files\Java\jdk-24.0.2,javaVersion=24,javaVendor=Oracle Corporation,daemonRegistryDir=C:\Users\abdullah\Desktop\Test_Sanner\.gradle-local\daemon,pid=19484,idleTimeout=10800000,priority=NORMAL,applyInstrumentationAgent=true,nativeServicesMode=ENABLED,daemonOpts=-XX:MaxMetaspaceSize=384m,-XX:+HeapDumpOnOutOfMemoryError,-Xms256m,-Xmx512m,-Dfile.encoding=UTF-8,-Duser.country=RU,-Duser.language=ru,-Duser.variant]
C:\Users\abdullah\Desktop\Test_Sanner\Test_Scanner_backend\src\main\java\com\Ghallab\dev\Test_Scanner_backend\auth\controller\AuthController.java:5: error: cannot find symbol
import com.Ghallab.dev.Test_Scanner_backend.auth.dto.ChangePasswordRequest;
                                                    ^
  symbol:   class ChangePasswordRequest
  location: package com.Ghallab.dev.Test_Scanner_backend.auth.dto
C:\Users\abdullah\Desktop\Test_Sanner\Test_Scanner_backend\src\main\java\com\Ghallab\dev\Test_Scanner_backend\auth\controller\AuthController.java:6: error: cannot find symbol
import com.Ghallab.dev.Test_Scanner_backend.auth.dto.LoginRequest;
                                                    ^
  symbol:   class LoginRequest
  location: package com.Ghallab.dev.Test_Scanner_backend.auth.dto
C:\Users\abdullah\Desktop\Test_Sanner\Test_Scanner_backend\src\main\java\com\Ghallab\dev\Test_Scanner_backend\auth\controller\AuthController.java:7: error: cannot find symbol
import com.Ghallab.dev.Test_Scanner_backend.auth.dto.LoginResponse;
                                                    ^
  symbol:   class LoginResponse
  location: package com.Ghallab.dev.Test_Scanner_backend.auth.dto
C:\Users\abdullah\Desktop\Test_Sanner\Test_Scanner_backend\src\main\java\com\Ghallab\dev\Test_Scanner_backend\auth\controller\AuthController.java:9: error: cannot find symbol
import com.Ghallab.dev.Test_Scanner_backend.auth.dto.ResetPasswordRequest;
                                                    ^
  symbol:   class ResetPasswordRequest
  location: package com.Ghallab.dev.Test_Scanner_backend.auth.dto
C:\Users\abdullah\Desktop\Test_Sanner\Test_Scanner_backend\src\main\java\com\Ghallab\dev\Test_Scanner_backend\auth\controller\AuthController.java:10: error: package com.Ghallab.dev.Test_Scanner_backend.common.Response does not exist
import com.Ghallab.dev.Test_Scanner_backend.common.Response.Response;
                                                           ^
C:\Users\abdullah\Desktop\Test_Sanner\Test_Scanner_backend\src\main\java\com\Ghallab\dev\Test_Scanner_backend\auth\domain\service\AuthService.java:3: error: cannot find symbol
import com.Ghallab.dev.Test_Scanner_backend.auth.dto.ChangePasswordRequest;
                                                    ^
  symbol:   class ChangePasswordRequest
  location: package com.Ghallab.dev.Test_Scanner_backend.auth.dto
C:\Users\abdullah\Desktop\Test_Sanner\Test_Scanner_backend\src\main\java\com\Ghallab\dev\Test_Scanner_backend\auth\domain\service\AuthService.java:4: error: cannot find symbol
import com.Ghallab.dev.Test_Scanner_backend.auth.dto.LoginRequest;
                                                    ^
  symbol:   class LoginRequest
  location: package com.Ghallab.dev.Test_Scanner_backend.auth.dto
C:\Users\abdullah\Desktop\Test_Sanner\Test_Scanner_backend\src\main\java\com\Ghallab\dev\Test_Scanner_backend\auth\domain\service\AuthService.java:5: error: cannot find symbol
import com.Ghallab.dev.Test_Scanner_backend.auth.dto.LoginResponse;
                                                    ^
  symbol:   class LoginResponse
  location: package com.Ghallab.dev.Test_Scanner_backend.auth.dto
C:\Users\abdullah\Desktop\Test_Sanner\Test_Scanner_backend\src\main\java\com\Ghallab\dev\Test_Scanner_backend\auth\domain\service\AuthService.java:7: error: cannot find symbol
import com.Ghallab.dev.Test_Scanner_backend.auth.dto.ResetPasswordRequest;
                                                    ^
  symbol:   class ResetPasswordRequest
  location: package com.Ghallab.dev.Test_Scanner_backend.auth.dto
C:\Users\abdullah\Desktop\Test_Sanner\Test_Scanner_backend\src\main\java\com\Ghallab\dev\Test_Scanner_backend\auth\domain\service\AuthService.java:8: error: package com.Ghallab.dev.Test_Scanner_backend.common.Response does not exist
import com.Ghallab.dev.Test_Scanner_backend.common.Response.Response;
                                                           ^
C:\Users\abdullah\Desktop\Test_Sanner\Test_Scanner_backend\src\main\java\com\Ghallab\dev\Test_Scanner_backend\auth\controller\AuthController.java:43: error: cannot find symbol
    public ResponseEntity<Response<String>> register(@Valid @RequestBody RegistrationRequest registrationRequest) {
                          ^
  symbol:   class Response
  location: class AuthController
C:\Users\abdullah\Desktop\Test_Sanner\Test_Scanner_backend\src\main\java\com\Ghallab\dev\Test_Scanner_backend\auth\controller\AuthController.java:51: error: cannot find symbol
            @Valid @RequestBody LoginRequest loginRequest,
                                ^
  symbol:   class LoginRequest
  location: class AuthController
C:\Users\abdullah\Desktop\Test_Sanner\Test_Scanner_backend\src\main\java\com\Ghallab\dev\Test_Scanner_backend\auth\controller\AuthController.java:50: error: cannot find symbol
    public ResponseEntity<Response<LoginResponse>> login(
                          ^
  symbol:   class Response
  location: class AuthController
C:\Users\abdullah\Desktop\Test_Sanner\Test_Scanner_backend\src\main\java\com\Ghallab\dev\Test_Scanner_backend\auth\controller\AuthController.java:50: error: cannot find symbol
    public ResponseEntity<Response<LoginResponse>> login(
                                   ^
  symbol:   class LoginResponse
  location: class AuthController
C:\Users\abdullah\Desktop\Test_Sanner\Test_Scanner_backend\src\main\java\com\Ghallab\dev\Test_Scanner_backend\auth\controller\AuthController.java:66: error: cannot find symbol
    public ResponseEntity<Response<LoginResponse>> refreshToken(
                          ^
  symbol:   class Response
  location: class AuthController
C:\Users\abdullah\Desktop\Test_Sanner\Test_Scanner_backend\src\main\java\com\Ghallab\dev\Test_Scanner_backend\auth\controller\AuthController.java:66: error: cannot find symbol
    public ResponseEntity<Response<LoginResponse>> refreshToken(
                                   ^
  symbol:   class LoginResponse
  location: class AuthController
C:\Users\abdullah\Desktop\Test_Sanner\Test_Scanner_backend\src\main\java\com\Ghallab\dev\Test_Scanner_backend\auth\controller\AuthController.java:86: error: cannot find symbol
    public ResponseEntity<Response<LoginResponse>> me() {
                          ^
  symbol:   class Response
  location: class AuthController
C:\Users\abdullah\Desktop\Test_Sanner\Test_Scanner_backend\src\main\java\com\Ghallab\dev\Test_Scanner_backend\auth\controller\AuthController.java:86: error: cannot find symbol
    public ResponseEntity<Response<LoginResponse>> me() {
                                   ^
  symbol:   class LoginResponse
  location: class AuthController
C:\Users\abdullah\Desktop\Test_Sanner\Test_Scanner_backend\src\main\java\com\Ghallab\dev\Test_Scanner_backend\auth\controller\AuthController.java:111: error: cannot find symbol
    public ResponseEntity<Response<String>> forgetPassword(@RequestParam String email) {
                          ^
  symbol:   class Response
  location: class AuthController
C:\Users\abdullah\Desktop\Test_Sanner\Test_Scanner_backend\src\main\java\com\Ghallab\dev\Test_Scanner_backend\auth\controller\AuthController.java:120: error: cannot find symbol
            @Valid @RequestBody ResetPasswordRequest resetPasswordRequest
                                ^
  symbol:   class ResetPasswordRequest
  location: class AuthController
C:\Users\abdullah\Desktop\Test_Sanner\Test_Scanner_backend\src\main\java\com\Ghallab\dev\Test_Scanner_backend\auth\controller\AuthController.java:118: error: cannot find symbol
    public ResponseEntity<Response<String>> resetPassword(
                          ^
  symbol:   class Response
  location: class AuthController
C:\Users\abdullah\Desktop\Test_Sanner\Test_Scanner_backend\src\main\java\com\Ghallab\dev\Test_Scanner_backend\auth\controller\AuthController.java:128: error: cannot find symbol
    public ResponseEntity<Response<String>> changePassword(@Valid @RequestBody ChangePasswordRequest request) {
                                                                               ^
  symbol:   class ChangePasswordRequest
  location: class AuthController
C:\Users\abdullah\Desktop\Test_Sanner\Test_Scanner_backend\src\main\java\com\Ghallab\dev\Test_Scanner_backend\auth\controller\AuthController.java:128: error: cannot find symbol
    public ResponseEntity<Response<String>> changePassword(@Valid @RequestBody ChangePasswordRequest request) {
                          ^
  symbol:   class Response
  location: class AuthController
C:\Users\abdullah\Desktop\Test_Sanner\Test_Scanner_backend\src\main\java\com\Ghallab\dev\Test_Scanner_backend\auth\controller\AuthController.java:135: error: cannot find symbol
    public ResponseEntity<Response<String>> logout(HttpServletRequest request, HttpServletResponse response) {
                          ^
  symbol:   class Response
  location: class AuthController
C:\Users\abdullah\Desktop\Test_Sanner\Test_Scanner_backend\src\main\java\com\Ghallab\dev\Test_Scanner_backend\auth\domain\service\AuthService.java:11: error: cannot find symbol
    Response<String> register(RegistrationRequest request);
    ^
  symbol:   class Response
  location: interface AuthService
C:\Users\abdullah\Desktop\Test_Sanner\Test_Scanner_backend\src\main\java\com\Ghallab\dev\Test_Scanner_backend\auth\domain\service\AuthService.java:12: error: cannot find symbol
    Response<LoginResponse> login(LoginRequest loginRequest);
                                  ^
  symbol:   class LoginRequest
  location: interface AuthService
C:\Users\abdullah\Desktop\Test_Sanner\Test_Scanner_backend\src\main\java\com\Ghallab\dev\Test_Scanner_backend\auth\domain\service\AuthService.java:12: error: cannot find symbol
    Response<LoginResponse> login(LoginRequest loginRequest);
    ^
  symbol:   class Response
  location: interface AuthService
C:\Users\abdullah\Desktop\Test_Sanner\Test_Scanner_backend\src\main\java\com\Ghallab\dev\Test_Scanner_backend\auth\domain\service\AuthService.java:12: error: cannot find symbol
    Response<LoginResponse> login(LoginRequest loginRequest);
             ^
  symbol:   class LoginResponse
  location: interface AuthService
C:\Users\abdullah\Desktop\Test_Sanner\Test_Scanner_backend\src\main\java\com\Ghallab\dev\Test_Scanner_backend\auth\domain\service\AuthService.java:13: error: cannot find symbol
    Response<LoginResponse> refreshToken(String refreshToken);
    ^
  symbol:   class Response
  location: interface AuthService
C:\Users\abdullah\Desktop\Test_Sanner\Test_Scanner_backend\src\main\java\com\Ghallab\dev\Test_Scanner_backend\auth\domain\service\AuthService.java:13: error: cannot find symbol
    Response<LoginResponse> refreshToken(String refreshToken);
             ^
  symbol:   class LoginResponse
  location: interface AuthService
C:\Users\abdullah\Desktop\Test_Sanner\Test_Scanner_backend\src\main\java\com\Ghallab\dev\Test_Scanner_backend\auth\domain\service\AuthService.java:14: error: cannot find symbol
    Response<LoginResponse> getCurrentUserProfile();
    ^
  symbol:   class Response
  location: interface AuthService
C:\Users\abdullah\Desktop\Test_Sanner\Test_Scanner_backend\src\main\java\com\Ghallab\dev\Test_Scanner_backend\auth\domain\service\AuthService.java:14: error: cannot find symbol
    Response<LoginResponse> getCurrentUserProfile();
             ^
  symbol:   class LoginResponse
  location: interface AuthService
C:\Users\abdullah\Desktop\Test_Sanner\Test_Scanner_backend\src\main\java\com\Ghallab\dev\Test_Scanner_backend\auth\domain\service\AuthService.java:15: error: cannot find symbol
    Response<String> verifyEmail(String token);
    ^
  symbol:   class Response
  location: interface AuthService
C:\Users\abdullah\Desktop\Test_Sanner\Test_Scanner_backend\src\main\java\com\Ghallab\dev\Test_Scanner_backend\auth\domain\service\AuthService.java:16: error: cannot find symbol
    Response<String> forgetPassword(String email);
    ^
  symbol:   class Response
  location: interface AuthService
C:\Users\abdullah\Desktop\Test_Sanner\Test_Scanner_backend\src\main\java\com\Ghallab\dev\Test_Scanner_backend\auth\domain\service\AuthService.java:17: error: cannot find symbol
    Response<String> resetPassword(String token, ResetPasswordRequest request);
                                                 ^
  symbol:   class ResetPasswordRequest
  location: interface AuthService
C:\Users\abdullah\Desktop\Test_Sanner\Test_Scanner_backend\src\main\java\com\Ghallab\dev\Test_Scanner_backend\auth\domain\service\AuthService.java:17: error: cannot find symbol
    Response<String> resetPassword(String token, ResetPasswordRequest request);
    ^
  symbol:   class Response
  location: interface AuthService
C:\Users\abdullah\Desktop\Test_Sanner\Test_Scanner_backend\src\main\java\com\Ghallab\dev\Test_Scanner_backend\auth\domain\service\AuthService.java:18: error: cannot find symbol
    Response<String> changePassword(ChangePasswordRequest request);
                                    ^
  symbol:   class ChangePasswordRequest
  location: interface AuthService
C:\Users\abdullah\Desktop\Test_Sanner\Test_Scanner_backend\src\main\java\com\Ghallab\dev\Test_Scanner_backend\auth\domain\service\AuthService.java:18: error: cannot find symbol
    Response<String> changePassword(ChangePasswordRequest request);
    ^
  symbol:   class Response
  location: interface AuthService
C:\Users\abdullah\Desktop\Test_Sanner\Test_Scanner_backend\src\main\java\com\Ghallab\dev\Test_Scanner_backend\auth\domain\service\AuthService.java:19: error: cannot find symbol
    Response<String> logout();
    ^
  symbol:   class Response
  location: interface AuthService
C:\Users\abdullah\Desktop\Test_Sanner\Test_Scanner_backend\src\main\java\com\Ghallab\dev\Test_Scanner_backend\auth\domain\service\AuthServiceImpl.java:3: error: package com.Ghallab.dev.Test_Scanner_backend.auth.domain.entity does not exist
import com.Ghallab.dev.Test_Scanner_backend.auth.domain.entity.User;
                                                              ^
C:\Users\abdullah\Desktop\Test_Sanner\Test_Scanner_backend\src\main\java\com\Ghallab\dev\Test_Scanner_backend\auth\domain\service\AuthServiceImpl.java:4: error: package com.Ghallab.dev.Test_Scanner_backend.auth.domain.repository does not exist
import com.Ghallab.dev.Test_Scanner_backend.auth.domain.repository.UserRepository;
                                                                  ^
C:\Users\abdullah\Desktop\Test_Sanner\Test_Scanner_backend\src\main\java\com\Ghallab\dev\Test_Scanner_backend\auth\domain\service\AuthServiceImpl.java:5: error: cannot find symbol
import com.Ghallab.dev.Test_Scanner_backend.auth.dto.ChangePasswordRequest;
                                                    ^
  symbol:   class ChangePasswordRequest
  location: package com.Ghallab.dev.Test_Scanner_backend.auth.dto
C:\Users\abdullah\Desktop\Test_Sanner\Test_Scanner_backend\src\main\java\com\Ghallab\dev\Test_Scanner_backend\auth\domain\service\AuthServiceImpl.java:6: error: cannot find symbol
import com.Ghallab.dev.Test_Scanner_backend.auth.dto.LoginRequest;
                                                    ^
  symbol:   class LoginRequest
  location: package com.Ghallab.dev.Test_Scanner_backend.auth.dto
C:\Users\abdullah\Desktop\Test_Sanner\Test_Scanner_backend\src\main\java\com\Ghallab\dev\Test_Scanner_backend\auth\domain\service\AuthServiceImpl.java:7: error: cannot find symbol
import com.Ghallab.dev.Test_Scanner_backend.auth.dto.LoginResponse;
                                                    ^
  symbol:   class LoginResponse
  location: package com.Ghallab.dev.Test_Scanner_backend.auth.dto
C:\Users\abdullah\Desktop\Test_Sanner\Test_Scanner_backend\src\main\java\com\Ghallab\dev\Test_Scanner_backend\auth\domain\service\AuthServiceImpl.java:9: error: cannot find symbol
import com.Ghallab.dev.Test_Scanner_backend.auth.dto.ResetPasswordRequest;
                                                    ^
  symbol:   class ResetPasswordRequest
  location: package com.Ghallab.dev.Test_Scanner_backend.auth.dto
C:\Users\abdullah\Desktop\Test_Sanner\Test_Scanner_backend\src\main\java\com\Ghallab\dev\Test_Scanner_backend\auth\domain\service\AuthServiceImpl.java:11: error: cannot find symbol
import com.Ghallab.dev.Test_Scanner_backend.auth.security.TokenService;
                                                         ^
  symbol:   class TokenService
  location: package com.Ghallab.dev.Test_Scanner_backend.auth.security
C:\Users\abdullah\Desktop\Test_Sanner\Test_Scanner_backend\src\main\java\com\Ghallab\dev\Test_Scanner_backend\auth\domain\service\AuthServiceImpl.java:12: error: package com.Ghallab.dev.Test_Scanner_backend.common.Response does not exist
import com.Ghallab.dev.Test_Scanner_backend.common.Response.Response;
                                                           ^
C:\Users\abdullah\Desktop\Test_Sanner\Test_Scanner_backend\src\main\java\com\Ghallab\dev\Test_Scanner_backend\auth\domain\service\AuthServiceImpl.java:13: error: cannot find symbol
import com.Ghallab.dev.Test_Scanner_backend.common.exceptions.BadRequestException;
                                                             ^
  symbol:   class BadRequestException
  location: package com.Ghallab.dev.Test_Scanner_backend.common.exceptions
C:\Users\abdullah\Desktop\Test_Sanner\Test_Scanner_backend\src\main\java\com\Ghallab\dev\Test_Scanner_backend\auth\domain\service\AuthServiceImpl.java:14: error: cannot find symbol
import com.Ghallab.dev.Test_Scanner_backend.common.exceptions.NotFoundException;
                                                             ^
  symbol:   class NotFoundException
  location: package com.Ghallab.dev.Test_Scanner_backend.common.exceptions
C:\Users\abdullah\Desktop\Test_Sanner\Test_Scanner_backend\src\main\java\com\Ghallab\dev\Test_Scanner_backend\auth\domain\service\AuthServiceImpl.java:15: error: package com.Ghallab.dev.Test_Scanner_backend.notification.domain.service does not exist
import com.Ghallab.dev.Test_Scanner_backend.notification.domain.service.NotificationService;
                                                                       ^
C:\Users\abdullah\Desktop\Test_Sanner\Test_Scanner_backend\src\main\java\com\Ghallab\dev\Test_Scanner_backend\auth\domain\service\AuthServiceImpl.java:16: error: package com.Ghallab.dev.Test_Scanner_backend.notification.dto does not exist
import com.Ghallab.dev.Test_Scanner_backend.notification.dto.NotificationDto;
                                                            ^
C:\Users\abdullah\Desktop\Test_Sanner\Test_Scanner_backend\src\main\java\com\Ghallab\dev\Test_Scanner_backend\auth\domain\service\AuthServiceImpl.java:35: error: cannot find symbol
    private final UserRepository userRepository;
                  ^
  symbol:   class UserRepository
  location: class AuthServiceImpl
C:\Users\abdullah\Desktop\Test_Sanner\Test_Scanner_backend\src\main\java\com\Ghallab\dev\Test_Scanner_backend\auth\domain\service\AuthServiceImpl.java:37: error: cannot find symbol
    private final NotificationService notificationService;
                  ^
  symbol:   class NotificationService
  location: class AuthServiceImpl
C:\Users\abdullah\Desktop\Test_Sanner\Test_Scanner_backend\src\main\java\com\Ghallab\dev\Test_Scanner_backend\auth\domain\service\AuthServiceImpl.java:38: error: cannot find symbol
    private final TokenService tokenService;
                  ^
  symbol:   class TokenService
  location: class AuthServiceImpl
C:\Users\abdullah\Desktop\Test_Sanner\Test_Scanner_backend\src\main\java\com\Ghallab\dev\Test_Scanner_backend\auth\mapper\UserMapper.java:3: error: package com.Ghallab.dev.Test_Scanner_backend.auth.domain.entity does not exist
import com.Ghallab.dev.Test_Scanner_backend.auth.domain.entity.User;
                                                              ^
C:\Users\abdullah\Desktop\Test_Sanner\Test_Scanner_backend\src\main\java\com\Ghallab\dev\Test_Scanner_backend\auth\domain\service\AuthServiceImpl.java:49: error: cannot find symbol
    public Response<String> register(RegistrationRequest request) {
           ^
  symbol:   class Response
  location: class AuthServiceImpl
C:\Users\abdullah\Desktop\Test_Sanner\Test_Scanner_backend\src\main\java\com\Ghallab\dev\Test_Scanner_backend\auth\domain\service\AuthServiceImpl.java:92: error: cannot find symbol
    public Response<LoginResponse> login(LoginRequest loginRequest) {
                                         ^
  symbol:   class LoginRequest
  location: class AuthServiceImpl
C:\Users\abdullah\Desktop\Test_Sanner\Test_Scanner_backend\src\main\java\com\Ghallab\dev\Test_Scanner_backend\auth\domain\service\AuthServiceImpl.java:92: error: cannot find symbol
    public Response<LoginResponse> login(LoginRequest loginRequest) {
           ^
  symbol:   class Response
  location: class AuthServiceImpl
C:\Users\abdullah\Desktop\Test_Sanner\Test_Scanner_backend\src\main\java\com\Ghallab\dev\Test_Scanner_backend\auth\domain\service\AuthServiceImpl.java:92: error: cannot find symbol
    public Response<LoginResponse> login(LoginRequest loginRequest) {
                    ^
  symbol:   class LoginResponse
  location: class AuthServiceImpl
C:\Users\abdullah\Desktop\Test_Sanner\Test_Scanner_backend\src\main\java\com\Ghallab\dev\Test_Scanner_backend\auth\domain\service\AuthServiceImpl.java:123: error: cannot find symbol
    public Response<LoginResponse> refreshToken(String refreshToken) {
           ^
  symbol:   class Response
  location: class AuthServiceImpl
C:\Users\abdullah\Desktop\Test_Sanner\Test_Scanner_backend\src\main\java\com\Ghallab\dev\Test_Scanner_backend\auth\domain\service\AuthServiceImpl.java:123: error: cannot find symbol
    public Response<LoginResponse> refreshToken(String refreshToken) {
                    ^
  symbol:   class LoginResponse
  location: class AuthServiceImpl
C:\Users\abdullah\Desktop\Test_Sanner\Test_Scanner_backend\src\main\java\com\Ghallab\dev\Test_Scanner_backend\auth\domain\service\AuthServiceImpl.java:159: error: cannot find symbol
    public Response<LoginResponse> getCurrentUserProfile() {
           ^
  symbol:   class Response
  location: class AuthServiceImpl
C:\Users\abdullah\Desktop\Test_Sanner\Test_Scanner_backend\src\main\java\com\Ghallab\dev\Test_Scanner_backend\auth\domain\service\AuthServiceImpl.java:159: error: cannot find symbol
    public Response<LoginResponse> getCurrentUserProfile() {
                    ^
  symbol:   class LoginResponse
  location: class AuthServiceImpl
C:\Users\abdullah\Desktop\Test_Sanner\Test_Scanner_backend\src\main\java\com\Ghallab\dev\Test_Scanner_backend\auth\domain\service\AuthServiceImpl.java:173: error: cannot find symbol
    public Response<String> verifyEmail(String token) {
           ^
  symbol:   class Response
  location: class AuthServiceImpl
C:\Users\abdullah\Desktop\Test_Sanner\Test_Scanner_backend\src\main\java\com\Ghallab\dev\Test_Scanner_backend\auth\domain\service\AuthServiceImpl.java:199: error: cannot find symbol
    public Response<String> forgetPassword(String email) {
           ^
  symbol:   class Response
  location: class AuthServiceImpl
C:\Users\abdullah\Desktop\Test_Sanner\Test_Scanner_backend\src\main\java\com\Ghallab\dev\Test_Scanner_backend\auth\domain\service\AuthServiceImpl.java:231: error: cannot find symbol
    public Response<String> resetPassword(String token, ResetPasswordRequest request) {
                                                        ^
  symbol:   class ResetPasswordRequest
  location: class AuthServiceImpl
C:\Users\abdullah\Desktop\Test_Sanner\Test_Scanner_backend\src\main\java\com\Ghallab\dev\Test_Scanner_backend\auth\domain\service\AuthServiceImpl.java:231: error: cannot find symbol
    public Response<String> resetPassword(String token, ResetPasswordRequest request) {
           ^
  symbol:   class Response
  location: class AuthServiceImpl
C:\Users\abdullah\Desktop\Test_Sanner\Test_Scanner_backend\src\main\java\com\Ghallab\dev\Test_Scanner_backend\auth\domain\service\AuthServiceImpl.java:261: error: cannot find symbol
    public Response<String> changePassword(ChangePasswordRequest request) {
                                           ^
  symbol:   class ChangePasswordRequest
  location: class AuthServiceImpl
C:\Users\abdullah\Desktop\Test_Sanner\Test_Scanner_backend\src\main\java\com\Ghallab\dev\Test_Scanner_backend\auth\domain\service\AuthServiceImpl.java:261: error: cannot find symbol
    public Response<String> changePassword(ChangePasswordRequest request) {
           ^
  symbol:   class Response
  location: class AuthServiceImpl
C:\Users\abdullah\Desktop\Test_Sanner\Test_Scanner_backend\src\main\java\com\Ghallab\dev\Test_Scanner_backend\auth\domain\service\AuthServiceImpl.java:288: error: cannot find symbol
    public Response<String> logout() {
           ^
  symbol:   class Response
  location: class AuthServiceImpl
C:\Users\abdullah\Desktop\Test_Sanner\Test_Scanner_backend\src\main\java\com\Ghallab\dev\Test_Scanner_backend\auth\domain\service\AuthServiceImpl.java:296: error: cannot find symbol
    private User getCurrentUser() {
            ^
  symbol:   class User
  location: class AuthServiceImpl
C:\Users\abdullah\Desktop\Test_Sanner\Test_Scanner_backend\src\main\java\com\Ghallab\dev\Test_Scanner_backend\auth\domain\service\AuthServiceImpl.java:32: error: cannot find symbol
@RequiredArgsConstructor
^
  symbol:   class UserRepository
  location: class AuthServiceImpl
C:\Users\abdullah\Desktop\Test_Sanner\Test_Scanner_backend\src\main\java\com\Ghallab\dev\Test_Scanner_backend\auth\mapper\UserMapper.java:27: error: cannot find symbol
    public UserResponse toUserResponse(User user) {
                                       ^
  symbol:   class User
  location: class UserMapper
C:\Users\abdullah\Desktop\Test_Sanner\Test_Scanner_backend\src\main\java\com\Ghallab\dev\Test_Scanner_backend\auth\mapper\UserMapper.java:27: error: cannot find symbol
    public UserResponse toUserResponse(User user) {
           ^
  symbol:   class UserResponse
  location: class UserMapper
C:\Users\abdullah\Desktop\Test_Sanner\Test_Scanner_backend\src\main\java\com\Ghallab\dev\Test_Scanner_backend\auth\mapper\UserMapper.java:34: error: cannot find symbol
    public UserDto toUserDto(User user) {
                             ^
  symbol:   class User
  location: class UserMapper
C:\Users\abdullah\Desktop\Test_Sanner\Test_Scanner_backend\src\main\java\com\Ghallab\dev\Test_Scanner_backend\auth\mapper\UserMapper.java:34: error: cannot find symbol
    public UserDto toUserDto(User user) {
           ^
  symbol:   class UserDto
  location: class UserMapper
C:\Users\abdullah\Desktop\Test_Sanner\Test_Scanner_backend\src\main\java\com\Ghallab\dev\Test_Scanner_backend\auth\mapper\UserMapper.java:42: error: cannot find symbol
    public LoginResponse toLoginResponse(User user, String accessToken, String refreshToken) {
                                         ^
  symbol:   class User
  location: class UserMapper
C:\Users\abdullah\Desktop\Test_Sanner\Test_Scanner_backend\src\main\java\com\Ghallab\dev\Test_Scanner_backend\auth\mapper\UserMapper.java:42: error: cannot find symbol
    public LoginResponse toLoginResponse(User user, String accessToken, String refreshToken) {
           ^
  symbol:   class LoginResponse
  location: class UserMapper
C:\Users\abdullah\Desktop\Test_Sanner\Test_Scanner_backend\src\main\java\com\Ghallab\dev\Test_Scanner_backend\auth\mapper\UserMapper.java:55: error: cannot find symbol
    public User toUserEntity(RegistrationRequest request) {
           ^
  symbol:   class User
  location: class UserMapper
C:\Users\abdullah\Desktop\Test_Sanner\Test_Scanner_backend\src\main\java\com\Ghallab\dev\Test_Scanner_backend\auth\mapper\UserMapper.java:67: error: cannot find symbol
    public void updateUserFromRequest(UserUpdateRequest request, User user) {
                                      ^
  symbol:   class UserUpdateRequest
  location: class UserMapper
C:\Users\abdullah\Desktop\Test_Sanner\Test_Scanner_backend\src\main\java\com\Ghallab\dev\Test_Scanner_backend\auth\mapper\UserMapper.java:67: error: cannot find symbol
    public void updateUserFromRequest(UserUpdateRequest request, User user) {
                                                                 ^
  symbol:   class User
  location: class UserMapper
C:\Users\abdullah\Desktop\Test_Sanner\Test_Scanner_backend\src\main\java\com\Ghallab\dev\Test_Scanner_backend\auth\mapper\UserMapper.java:74: error: cannot find symbol
    public User toUserEntity(UserCreateRequest request) {
                             ^
  symbol:   class UserCreateRequest
  location: class UserMapper
C:\Users\abdullah\Desktop\Test_Sanner\Test_Scanner_backend\src\main\java\com\Ghallab\dev\Test_Scanner_backend\auth\mapper\UserMapper.java:74: error: cannot find symbol
    public User toUserEntity(UserCreateRequest request) {
           ^
  symbol:   class User
  location: class UserMapper
C:\Users\abdullah\Desktop\Test_Sanner\Test_Scanner_backend\src\main\java\com\Ghallab\dev\Test_Scanner_backend\auth\security\AuthFilter.java:3: error: cannot find symbol
import com.Ghallab.dev.Test_Scanner_backend.common.exceptions.CustomAuthenticationEntryPoint;
                                                             ^
  symbol:   class CustomAuthenticationEntryPoint
  location: package com.Ghallab.dev.Test_Scanner_backend.common.exceptions
C:\Users\abdullah\Desktop\Test_Sanner\Test_Scanner_backend\src\main\java\com\Ghallab\dev\Test_Scanner_backend\auth\security\AuthFilter.java:25: error: cannot find symbol
    private final JwtUtils jwtUtils;
                  ^
  symbol:   class JwtUtils
  location: class AuthFilter
C:\Users\abdullah\Desktop\Test_Sanner\Test_Scanner_backend\src\main\java\com\Ghallab\dev\Test_Scanner_backend\auth\security\AuthFilter.java:27: error: cannot find symbol
    private final CustomAuthenticationEntryPoint customAuthenticationEntryPoint;
                  ^
  symbol:   class CustomAuthenticationEntryPoint
  location: class AuthFilter
C:\Users\abdullah\Desktop\Test_Sanner\Test_Scanner_backend\src\main\java\com\Ghallab\dev\Test_Scanner_backend\auth\security\AuthFilter.java:28: error: cannot find symbol
    private final CustomUserDetailsService customUserDetailsService;
                  ^
  symbol:   class CustomUserDetailsService
  location: class AuthFilter
C:\Users\abdullah\Desktop\Test_Sanner\Test_Scanner_backend\src\main\java\com\Ghallab\dev\Test_Scanner_backend\auth\security\AuthFilter.java:23: error: cannot find symbol
@RequiredArgsConstructor
^
  symbol:   class JwtUtils
  location: class AuthFilter
C:\Users\abdullah\Desktop\Test_Sanner\Test_Scanner_backend\src\main\java\com\Ghallab\dev\Test_Scanner_backend\auth\security\SecurityFilter.java:4: error: cannot find symbol
import com.Ghallab.dev.Test_Scanner_backend.common.exceptions.CustomAccessDenialHandler;
                                                             ^
  symbol:   class CustomAccessDenialHandler
  location: package com.Ghallab.dev.Test_Scanner_backend.common.exceptions
C:\Users\abdullah\Desktop\Test_Sanner\Test_Scanner_backend\src\main\java\com\Ghallab\dev\Test_Scanner_backend\auth\security\SecurityFilter.java:5: error: cannot find symbol
import com.Ghallab.dev.Test_Scanner_backend.common.exceptions.CustomAuthenticationEntryPoint;
                                                             ^
  symbol:   class CustomAuthenticationEntryPoint
  location: package com.Ghallab.dev.Test_Scanner_backend.common.exceptions
C:\Users\abdullah\Desktop\Test_Sanner\Test_Scanner_backend\src\main\java\com\Ghallab\dev\Test_Scanner_backend\auth\security\SecurityFilter.java:29: error: cannot find symbol
    private final CustomAccessDenialHandler customAccessDenialHandler;
                  ^
  symbol:   class CustomAccessDenialHandler
  location: class SecurityFilter
C:\Users\abdullah\Desktop\Test_Sanner\Test_Scanner_backend\src\main\java\com\Ghallab\dev\Test_Scanner_backend\auth\security\SecurityFilter.java:30: error: cannot find symbol
    private final CustomAuthenticationEntryPoint customAuthenticationEntryPoint;
                  ^
  symbol:   class CustomAuthenticationEntryPoint
  location: class SecurityFilter
C:\Users\abdullah\Desktop\Test_Sanner\Test_Scanner_backend\src\main\java\com\Ghallab\dev\Test_Scanner_backend\auth\security\SecurityFilter.java:25: error: cannot find symbol
@RequiredArgsConstructor
^
  symbol:   class CustomAccessDenialHandler
  location: class SecurityFilter
C:\Users\abdullah\Desktop\Test_Sanner\Test_Scanner_backend\src\main\java\com\Ghallab\dev\Test_Scanner_backend\common\exceptions\GlobalExceptionHandler.java:4: error: package com.Ghallab.dev.Test_Scanner_backend.common.Response does not exist
import com.Ghallab.dev.Test_Scanner_backend.common.Response.Response;
                                                           ^
C:\Users\abdullah\Desktop\Test_Sanner\Test_Scanner_backend\src\main\java\com\Ghallab\dev\Test_Scanner_backend\common\exceptions\GlobalExceptionHandler.java:17: error: cannot find symbol
    public ResponseEntity<Response<?>> handleAllUnkownException(Exception ex){
                          ^
  symbol:   class Response
  location: class GlobalExceptionHandler
C:\Users\abdullah\Desktop\Test_Sanner\Test_Scanner_backend\src\main\java\com\Ghallab\dev\Test_Scanner_backend\common\exceptions\GlobalExceptionHandler.java:27: error: cannot find symbol
    public ResponseEntity<Response<?>> handleNotFoundException( NotFoundException ex){
                                                                ^
  symbol:   class NotFoundException
  location: class GlobalExceptionHandler
C:\Users\abdullah\Desktop\Test_Sanner\Test_Scanner_backend\src\main\java\com\Ghallab\dev\Test_Scanner_backend\common\exceptions\GlobalExceptionHandler.java:27: error: cannot find symbol
    public ResponseEntity<Response<?>> handleNotFoundException( NotFoundException ex){
                          ^
  symbol:   class Response
  location: class GlobalExceptionHandler
C:\Users\abdullah\Desktop\Test_Sanner\Test_Scanner_backend\src\main\java\com\Ghallab\dev\Test_Scanner_backend\common\exceptions\GlobalExceptionHandler.java:37: error: cannot find symbol
    public ResponseEntity<Response<?>> handleBadRequestException( BadRequestException ex){
                                                                  ^
  symbol:   class BadRequestException
  location: class GlobalExceptionHandler
C:\Users\abdullah\Desktop\Test_Sanner\Test_Scanner_backend\src\main\java\com\Ghallab\dev\Test_Scanner_backend\common\exceptions\GlobalExceptionHandler.java:37: error: cannot find symbol
    public ResponseEntity<Response<?>> handleBadRequestException( BadRequestException ex){
                          ^
  symbol:   class Response
  location: class GlobalExceptionHandler
C:\Users\abdullah\Desktop\Test_Sanner\Test_Scanner_backend\src\main\java\com\Ghallab\dev\Test_Scanner_backend\common\exceptions\GlobalExceptionHandler.java:47: error: cannot find symbol
    public ResponseEntity<Response<?>> handleValidationException(MethodArgumentNotValidException ex) {
                          ^
  symbol:   class Response
  location: class GlobalExceptionHandler

FAILURE: Build failed with an exception.

* What went wrong:
Execution failed for task ':compileJava'.
> java.nio.file.AccessDeniedException: C:\Users\abdullah\Desktop\Test_Sanner\.gradle-local\caches\modules-2\files-2.1\com.fasterxml.jackson.core\jackson-annotations\2.20\6a5e7291ea3f2b590a7ce400adb7b3aea4d7e12c\jackson-annotations-2.20.jar

* Try:
> Run with --stacktrace option to get the stack trace.
> Run with --info or --debug option to get more log output.
> Run with --scan to generate a Build Scan (powered by Develocity).
> Get more help at https://help.gradle.org.

BUILD FAILED in 1m
1 actionable task: 1 executed
2026-05-12T16:04:11.058+0300 [DEBUG] [org.gradle.launcher.daemon.server.exec.ExecuteBuild] The daemon has finished executing the build.
2026-05-12T16:04:11.075+0300 [DEBUG] [org.gradle.launcher.daemon.server.DaemonStateCoordinator] daemon is running. Sleeping until state changes.
2026-05-12T16:04:11.075+0300 [DEBUG] [org.gradle.launcher.daemon.server.DaemonStateCoordinator] Command execution: finished waiting for DaemonCommandExecution[command = Build{id=b7c432fa-a50e-49a2-ad5e-cbd80c1f1a6d, currentDir=C:\Users\abdullah\Desktop\Test_Sanner\Test_Scanner_backend}, connection = DefaultDaemonConnection: socket connection from /127.0.0.1:50273 to /127.0.0.1:50274]. Result org.gradle.launcher.daemon.server.DaemonStateCoordinator@2686e21f with state Busy
2026-05-12T16:04:11.076+0300 [DEBUG] [org.gradle.launcher.daemon.server.DaemonStateCoordinator] Command execution: completed DaemonCommandExecution[command = Build{id=b7c432fa-a50e-49a2-ad5e-cbd80c1f1a6d, currentDir=C:\Users\abdullah\Desktop\Test_Sanner\Test_Scanner_backend}, connection = DefaultDaemonConnection: socket connection from /127.0.0.1:50273 to /127.0.0.1:50274]
2026-05-12T16:04:11.076+0300 [DEBUG] [org.gradle.launcher.daemon.server.DaemonStateCoordinator] resetting idle timer
2026-05-12T16:04:11.076+0300 [INFO] [org.gradle.launcher.daemon.server.DaemonRegistryUpdater] Marking the daemon as idle, address: [568937fa-53a9-4ec6-b9f8-7456e06c8471 port:50273, addresses:[localhost/127.0.0.1]]
2026-05-12T16:04:11.077+0300 [DEBUG] [org.gradle.launcher.daemon.registry.PersistentDaemonRegistry] Marking busy by address: [568937fa-53a9-4ec6-b9f8-7456e06c8471 port:50273, addresses:[localhost/127.0.0.1]]
2026-05-12T16:04:11.079+0300 [DEBUG] [org.gradle.cache.internal.DefaultFileLockManager] Waiting to acquire exclusive lock on daemon addresses registry.
2026-05-12T16:04:11.080+0300 [DEBUG] [org.gradle.cache.internal.DefaultFileLockManager] Lock acquired on daemon addresses registry.
2026-05-12T16:04:11.083+0300 [DEBUG] [org.gradle.cache.internal.DefaultFileLockManager] Releasing lock on daemon addresses registry.
2026-05-12T16:04:11.084+0300 [DEBUG] [org.gradle.launcher.daemon.server.exec.ReturnResult] Daemon is dispatching the build result: Success[value=org.gradle.launcher.exec.BuildActionResult@d457ade]
2026-05-12T16:04:11.084+0300 [DEBUG] [org.gradle.launcher.daemon.server.SynchronizedDispatchConnection] thread 68: dispatching Success[value=org.gradle.launcher.exec.BuildActionResult@d457ade]
2026-05-12T16:04:11.085+0300 [DEBUG] [org.gradle.launcher.daemon.server.DaemonStateCoordinator] daemon is running. Sleeping until state changes.
2026-05-12T16:04:11.129+0300 [DEBUG] [org.gradle.launcher.daemon.server.DefaultIncomingConnectionHandler] Finishing executing command: Build{id=b7c432fa-a50e-49a2-ad5e-cbd80c1f1a6d, currentDir=C:\Users\abdullah\Desktop\Test_Sanner\Test_Scanner_backend}
2026-05-12T16:04:11.143+0300 [DEBUG] [org.gradle.launcher.daemon.server.exec.CleanUpVirtualFileSystemAfterBuild] Cleaning virtual file system after build finished
2026-05-12T16:04:11.177+0300 [DEBUG] [org.gradle.launcher.daemon.server.SynchronizedDispatchConnection] thread 69: received class org.gradle.launcher.daemon.protocol.CloseInput
2026-05-12T16:04:11.178+0300 [DEBUG] [org.gradle.launcher.daemon.server.DefaultDaemonConnection] thread 69: Received IO message from client: org.gradle.launcher.daemon.protocol.CloseInput@4071406f
2026-05-12T16:04:11.178+0300 [DEBUG] [org.gradle.launcher.daemon.server.SynchronizedDispatchConnection] thread 69: received class org.gradle.launcher.daemon.protocol.Finished
2026-05-12T16:04:11.178+0300 [DEBUG] [org.gradle.launcher.daemon.server.DefaultDaemonConnection] thread 69: Received non-IO message from client: org.gradle.launcher.daemon.protocol.Finished@6b46a688
2026-05-12T16:04:11.179+0300 [DEBUG] [org.gradle.launcher.daemon.server.DefaultIncomingConnectionHandler] Received finished message: org.gradle.launcher.daemon.protocol.Finished@6b46a688
2026-05-12T16:04:11.179+0300 [DEBUG] [org.gradle.launcher.daemon.server.SynchronizedDispatchConnection] thread 68: stopping connection
2026-05-12T16:04:11.180+0300 [DEBUG] [org.gradle.internal.remote.internal.inet.SocketConnection] Discarding EOFException: java.io.EOFException
2026-05-12T16:04:11.180+0300 [DEBUG] [org.gradle.launcher.daemon.server.SynchronizedDispatchConnection] thread 69: received null
2026-05-12T16:04:11.181+0300 [DEBUG] [org.gradle.launcher.daemon.server.DefaultDaemonConnection] thread 69: Received end-of-input from client.
2026-05-12T16:04:11.188+0300 [DEBUG] [org.gradle.launcher.daemon.server.SynchronizedDispatchConnection] thread 68: stopping connection
